Archive member included because of file (symbol)

C:\Users\Leonid Lezner\Documents\LPC11C24\nxp_lpcxpresso_11c24_board_lib\Debug\libnxp_lpcxpresso_11c24_board_lib.a(board.o)
                              ./example/src/adc_11xx.o (Board_Init)
C:\Users\Leonid Lezner\Documents\LPC11C24\nxp_lpcxpresso_11c24_board_lib\Debug\libnxp_lpcxpresso_11c24_board_lib.a(board_sysinit.o)
                              ./example/src/sysinit.o (Board_SystemInit)
C:\Users\Leonid Lezner\Documents\LPC11C24\lpc_chip_11cxx_lib\Debug\liblpc_chip_11cxx_lib.a(adc_11xx.o)
                              ./example/src/adc_11xx.o (Chip_ADC_Init)
C:\Users\Leonid Lezner\Documents\LPC11C24\lpc_chip_11cxx_lib\Debug\liblpc_chip_11cxx_lib.a(chip_11xx.o)
                              ./example/src/adc_11xx.o (SystemCoreClockUpdate)
C:\Users\Leonid Lezner\Documents\LPC11C24\lpc_chip_11cxx_lib\Debug\liblpc_chip_11cxx_lib.a(clock_11xx.o)
                              C:\Users\Leonid Lezner\Documents\LPC11C24\nxp_lpcxpresso_11c24_board_lib\Debug\libnxp_lpcxpresso_11c24_board_lib.a(board_sysinit.o) (Chip_Clock_SetSystemPLLSource)
C:\Users\Leonid Lezner\Documents\LPC11C24\lpc_chip_11cxx_lib\Debug\liblpc_chip_11cxx_lib.a(gpio_11xx_2.o)
                              C:\Users\Leonid Lezner\Documents\LPC11C24\nxp_lpcxpresso_11c24_board_lib\Debug\libnxp_lpcxpresso_11c24_board_lib.a(board.o) (Chip_GPIO_Init)
C:\Users\Leonid Lezner\Documents\LPC11C24\lpc_chip_11cxx_lib\Debug\liblpc_chip_11cxx_lib.a(sysctl_11xx.o)
                              C:\Users\Leonid Lezner\Documents\LPC11C24\nxp_lpcxpresso_11c24_board_lib\Debug\libnxp_lpcxpresso_11c24_board_lib.a(board_sysinit.o) (Chip_SYSCTL_PowerDown)
C:\Users\Leonid Lezner\Documents\LPC11C24\lpc_chip_11cxx_lib\Debug\liblpc_chip_11cxx_lib.a(uart_11xx.o)
                              C:\Users\Leonid Lezner\Documents\LPC11C24\nxp_lpcxpresso_11c24_board_lib\Debug\libnxp_lpcxpresso_11c24_board_lib.a(board.o) (Chip_UART_Init)
C:\Users\Leonid Lezner\Documents\LPC11C24\lpc_chip_11cxx_lib\Debug\liblpc_chip_11cxx_lib.a(ring_buffer.o)
                              C:\Users\Leonid Lezner\Documents\LPC11C24\lpc_chip_11cxx_lib\Debug\liblpc_chip_11cxx_lib.a(uart_11xx.o) (RingBuffer_Insert)
c:/nxp/lpcxpresso_7.3.0_186/lpcxpresso/tools/bin/../lib/gcc/arm-none-eabi/4.8.4/../../../../arm-none-eabi/lib/armv6-m\libcr_nohost.a(_cr__main.o)
                              ./example/src/cr_startup_lpc11xx.o (__main)
c:/nxp/lpcxpresso_7.3.0_186/lpcxpresso/tools/bin/../lib/gcc/arm-none-eabi/4.8.4/../../../../arm-none-eabi/lib/armv6-m\libcr_c.a(memcpy.o)
                              C:\Users\Leonid Lezner\Documents\LPC11C24\lpc_chip_11cxx_lib\Debug\liblpc_chip_11cxx_lib.a(ring_buffer.o) (memcpy)
c:/nxp/lpcxpresso_7.3.0_186/lpcxpresso/tools/bin/../lib/gcc/arm-none-eabi/4.8.4/../../../../arm-none-eabi/lib/armv6-m\libcr_c.a(initio.o)
                              c:/nxp/lpcxpresso_7.3.0_186/lpcxpresso/tools/bin/../lib/gcc/arm-none-eabi/4.8.4/../../../../arm-none-eabi/lib/armv6-m\libcr_nohost.a(_cr__main.o) (_initio)
c:/nxp/lpcxpresso_7.3.0_186/lpcxpresso/tools/bin/../lib/gcc/arm-none-eabi/4.8.4/../../../../arm-none-eabi/lib/armv6-m\libcr_c.a(setvbuf.o)
                              c:/nxp/lpcxpresso_7.3.0_186/lpcxpresso/tools/bin/../lib/gcc/arm-none-eabi/4.8.4/../../../../arm-none-eabi/lib/armv6-m\libcr_c.a(initio.o) (setvbuf)
c:/nxp/lpcxpresso_7.3.0_186/lpcxpresso/tools/bin/../lib/gcc/arm-none-eabi/4.8.4/../../../../arm-none-eabi/lib/armv6-m\libcr_c.a(stdio.o)
                              c:/nxp/lpcxpresso_7.3.0_186/lpcxpresso/tools/bin/../lib/gcc/arm-none-eabi/4.8.4/../../../../arm-none-eabi/lib/armv6-m\libcr_c.a(initio.o) (__Ciob)
c:/nxp/lpcxpresso_7.3.0_186/lpcxpresso/tools/bin/../lib/gcc/arm-none-eabi/4.8.4/../../../../arm-none-eabi/lib/armv6-m\libcr_c.a(memset.o)
                              c:/nxp/lpcxpresso_7.3.0_186/lpcxpresso/tools/bin/../lib/gcc/arm-none-eabi/4.8.4/../../../../arm-none-eabi/lib/armv6-m\libcr_c.a(initio.o) (memset)
c:/nxp/lpcxpresso_7.3.0_186/lpcxpresso/tools/bin/../lib/gcc/arm-none-eabi/4.8.4/../../../../arm-none-eabi/lib/armv6-m\libcr_c.a(__fillbuf.o)
                              c:/nxp/lpcxpresso_7.3.0_186/lpcxpresso/tools/bin/../lib/gcc/arm-none-eabi/4.8.4/../../../../arm-none-eabi/lib/armv6-m\libcr_c.a(stdio.o) (__filbuf)
c:/nxp/lpcxpresso_7.3.0_186/lpcxpresso/tools/bin/../lib/gcc/arm-none-eabi/4.8.4/../../../../arm-none-eabi/lib/armv6-m\libcr_c.a(_deferredlazyseek.o)
                              c:/nxp/lpcxpresso_7.3.0_186/lpcxpresso/tools/bin/../lib/gcc/arm-none-eabi/4.8.4/../../../../arm-none-eabi/lib/armv6-m\libcr_c.a(__fillbuf.o) (_deferredlazyseek)
c:/nxp/lpcxpresso_7.3.0_186/lpcxpresso/tools/bin/../lib/gcc/arm-none-eabi/4.8.4/../../../../arm-none-eabi/lib/armv6-m\libcr_c.a(_fdopen.o)
                              c:/nxp/lpcxpresso_7.3.0_186/lpcxpresso/tools/bin/../lib/gcc/arm-none-eabi/4.8.4/../../../../arm-none-eabi/lib/armv6-m\libcr_c.a(initio.o) (_fdopen)
[...]
Memory Configuration

Name             Origin             Length             Attributes
MFlash32         0x00000000         0x00008000         xr
RamLoc8          0x10000000         0x00002000         xrw
*default*        0x00000000         0xffffffff

Linker script and memory map

LOAD ./example/src/adc_1125.o
LOAD ./example/src/adc_11xx.o
LOAD ./example/src/cr_startup_lpc11xx.o
LOAD ./example/src/sysinit.o
LOAD C:\Users\Leonid Lezner\Documents\LPC11C24\nxp_lpcxpresso_11c24_board_lib\Debug\libnxp_lpcxpresso_11c24_board_lib.a
LOAD C:\Users\Leonid Lezner\Documents\LPC11C24\lpc_chip_11cxx_lib\Debug\liblpc_chip_11cxx_lib.a
START GROUP
LOAD c:/nxp/lpcxpresso_7.3.0_186/lpcxpresso/tools/bin/../lib/gcc/arm-none-eabi/4.8.4/../../../../arm-none-eabi/lib/armv6-m\libcr_nohost.a
LOAD c:/nxp/lpcxpresso_7.3.0_186/lpcxpresso/tools/bin/../lib/gcc/arm-none-eabi/4.8.4/../../../../arm-none-eabi/lib/armv6-m\libcr_c.a
LOAD c:/nxp/lpcxpresso_7.3.0_186/lpcxpresso/tools/bin/../lib/gcc/arm-none-eabi/4.8.4/armv6-m\libcr_eabihelpers.a
END GROUP
                0x00008000                __top_MFlash32 = 0x8000
                0x10002000                __top_RamLoc8 = 0x10002000

.text           0x00000000      0xcdc
 FILL mask 0xff
                0x00000000                __vectors_start__ = ABSOLUTE (.)
 *(.isr_vector)
 .isr_vector    0x00000000       0xc0 ./example/src/cr_startup_lpc11xx.o
                0x00000000                g_pfnVectors
                0x000000c0                . = ALIGN (0x4)
                0x000000c0                __section_table_start = .
                0x000000c0                __data_section_table = .
                0x000000c0        0x4 LONG 0xcdc LOADADDR (.data)
                0x000000c4        0x4 LONG 0x10000000 ADDR (.data)
                0x000000c8        0x4 LONG 0x0 SIZEOF (.data)
                0x000000cc                __data_section_table_end = .
                0x000000cc                __bss_section_table = .
                0x000000cc        0x4 LONG 0x10000000 ADDR (.bss)
                0x000000d0        0x4 LONG 0x15c SIZEOF (.bss)
                0x000000d4                __bss_section_table_end = .
                0x000000d4                __section_table_end = .
 *(.after_vectors*)
 .after_vectors
                0x000000d4       0x70 ./example/src/cr_startup_lpc11xx.o
                0x000000d4                NMI_Handler
                0x000000d6                HardFault_Handler
                0x000000d8                SVC_Handler
                0x000000da                PendSV_Handler
                0x000000dc                SysTick_Handler
                0x000000de                TIMER32_0_IRQHandler
                0x000000de                UART_IRQHandler
                0x000000de                TIMER16_0_IRQHandler
                0x000000de                TIMER32_1_IRQHandler
                0x000000de                IntDefaultHandler
                0x000000de                PIOINT1_IRQHandler
                0x000000de                CAN_IRQHandler
                0x000000de                SSP0_IRQHandler
                0x000000de                PIOINT3_IRQHandler
                0x000000de                TIMER16_1_IRQHandler
                0x000000de                ADC_IRQHandler
                0x000000de                SSP1_IRQHandler
                0x000000de                PIOINT2_IRQHandler
                0x000000de                BOD_IRQHandler
                0x000000de                WAKEUP_IRQHandler
                0x000000de                PIOINT0_IRQHandler
                0x000000de                I2C_IRQHandler
                0x000000de                WDT_IRQHandler
                0x000000e0                data_init
                0x000000f2                bss_init
                0x00000102                ResetISR
 *(.text*)
 .text.Init_ADC_PinMux
                0x00000144        0xc ./example/src/adc_11xx.o
 .text.main     0x00000150       0x64 ./example/src/adc_11xx.o
                0x00000150                main
 .text.SystemInit
                0x000001b4        0x8 ./example/src/sysinit.o
                0x000001b4                SystemInit
 .text.Board_LED_Init
                0x000001bc       0x14 C:\Users\Leonid Lezner\Documents\LPC11C24\nxp_lpcxpresso_11c24_board_lib\Debug\libnxp_lpcxpresso_11c24_board_lib.a(board.o)
 .text.__sys_write
                0x000001d0        0x4 C:\Users\Leonid Lezner\Documents\LPC11C24\nxp_lpcxpresso_11c24_board_lib\Debug\libnxp_lpcxpresso_11c24_board_lib.a(board.o)
                0x000001d0                __sys_write
 .text.Board_Init
                0x000001d4       0x10 C:\Users\Leonid Lezner\Documents\LPC11C24\nxp_lpcxpresso_11c24_board_lib\Debug\libnxp_lpcxpresso_11c24_board_lib.a(board.o)
                0x000001d4                Board_Init
 .text.SystemSetupMuxing
                0x000001e4       0x38 C:\Users\Leonid Lezner\Documents\LPC11C24\nxp_lpcxpresso_11c24_board_lib\Debug\libnxp_lpcxpresso_11c24_board_lib.a(board_sysinit.o)
 .text.SystemSetupClocking
                0x0000021c       0x64 C:\Users\Leonid Lezner\Documents\LPC11C24\nxp_lpcxpresso_11c24_board_lib\Debug\libnxp_lpcxpresso_11c24_board_lib.a(board_sysinit.o)
 .text.Board_SystemInit
                0x00000280        0xc C:\Users\Leonid Lezner\Documents\LPC11C24\nxp_lpcxpresso_11c24_board_lib\Debug\libnxp_lpcxpresso_11c24_board_lib.a(board_sysinit.o)
                0x00000280                Board_SystemInit
 .text.getClkDiv
                0x0000028c       0x2c C:\Users\Leonid Lezner\Documents\LPC11C24\lpc_chip_11cxx_lib\Debug\liblpc_chip_11cxx_lib.a(adc_11xx.o)
 .text.setStartMode
                0x000002b8       0x14 C:\Users\Leonid Lezner\Documents\LPC11C24\lpc_chip_11cxx_lib\Debug\liblpc_chip_11cxx_lib.a(adc_11xx.o)
                0x000002b8                setStartMode
 .text.readAdcVal
                0x000002cc       0x18 C:\Users\Leonid Lezner\Documents\LPC11C24\lpc_chip_11cxx_lib\Debug\liblpc_chip_11cxx_lib.a(adc_11xx.o)
                0x000002cc                readAdcVal
 .text.Chip_ADC_Init
                0x000002e4       0x50 C:\Users\Leonid Lezner\Documents\LPC11C24\lpc_chip_11cxx_lib\Debug\liblpc_chip_11cxx_lib.a(adc_11xx.o)
                0x000002e4                Chip_ADC_Init
 .text.Chip_ADC_ReadValue
                0x00000334        0x8 C:\Users\Leonid Lezner\Documents\LPC11C24\lpc_chip_11cxx_lib\Debug\liblpc_chip_11cxx_lib.a(adc_11xx.o)
                0x00000334                Chip_ADC_ReadValue
 .text.Chip_ADC_ReadStatus
                0x0000033c       0x38 C:\Users\Leonid Lezner\Documents\LPC11C24\lpc_chip_11cxx_lib\Debug\liblpc_chip_11cxx_lib.a(adc_11xx.o)
                0x0000033c                Chip_ADC_ReadStatus
 .text.Chip_ADC_SetStartMode
                0x00000374       0x28 C:\Users\Leonid Lezner\Documents\LPC11C24\lpc_chip_11cxx_lib\Debug\liblpc_chip_11cxx_lib.a(adc_11xx.o)
                0x00000374                Chip_ADC_SetStartMode
 .text.Chip_ADC_EnableChannel
                0x0000039c       0x28 C:\Users\Leonid Lezner\Documents\LPC11C24\lpc_chip_11cxx_lib\Debug\liblpc_chip_11cxx_lib.a(adc_11xx.o)
                0x0000039c                Chip_ADC_EnableChannel
 .text.SystemCoreClockUpdate
                0x000003c4       0x10 C:\Users\Leonid Lezner\Documents\LPC11C24\lpc_chip_11cxx_lib\Debug\liblpc_chip_11cxx_lib.a(chip_11xx.o)
                0x000003c4                SystemCoreClockUpdate
 .text.Chip_Clock_GetWDTLFORate
                0x000003d4       0x20 C:\Users\Leonid Lezner\Documents\LPC11C24\lpc_chip_11cxx_lib\Debug\liblpc_chip_11cxx_lib.a(clock_11xx.o)
 .text.Chip_Clock_GetPLLFreq
                0x000003f4        0xc C:\Users\Leonid Lezner\Documents\LPC11C24\lpc_chip_11cxx_lib\Debug\liblpc_chip_11cxx_lib.a(clock_11xx.o)
 .text.Chip_Clock_SetSystemPLLSource
                0x00000400       0x14 C:\Users\Leonid Lezner\Documents\LPC11C24\lpc_chip_11cxx_lib\Debug\liblpc_chip_11cxx_lib.a(clock_11xx.o)
                0x00000400                Chip_Clock_SetSystemPLLSource
 .text.Chip_Clock_SetMainClockSource
                0x00000414       0x14 C:\Users\Leonid Lezner\Documents\LPC11C24\lpc_chip_11cxx_lib\Debug\liblpc_chip_11cxx_lib.a(clock_11xx.o)
                0x00000414                Chip_Clock_SetMainClockSource
 .text.Chip_Clock_GetWDTOSCRate
                0x00000428       0x10 C:\Users\Leonid Lezner\Documents\LPC11C24\lpc_chip_11cxx_lib\Debug\liblpc_chip_11cxx_lib.a(clock_11xx.o)
                0x00000428                Chip_Clock_GetWDTOSCRate
 .text.Chip_Clock_GetSystemPLLInClockRate
                0x00000438       0x2c C:\Users\Leonid Lezner\Documents\LPC11C24\lpc_chip_11cxx_lib\Debug\liblpc_chip_11cxx_lib.a(clock_11xx.o)
                0x00000438                Chip_Clock_GetSystemPLLInClockRate
 .text.Chip_Clock_GetSystemPLLOutClockRate
                0x00000464       0x18 C:\Users\Leonid Lezner\Documents\LPC11C24\lpc_chip_11cxx_lib\Debug\liblpc_chip_11cxx_lib.a(clock_11xx.o)
                0x00000464                Chip_Clock_GetSystemPLLOutClockRate
 .text.Chip_Clock_GetMainClockRate
                0x0000047c       0x40 C:\Users\Leonid Lezner\Documents\LPC11C24\lpc_chip_11cxx_lib\Debug\liblpc_chip_11cxx_lib.a(clock_11xx.o)
                0x0000047c                Chip_Clock_GetMainClockRate
 .text.Chip_Clock_GetSystemClockRate
                0x000004bc       0x14 C:\Users\Leonid Lezner\Documents\LPC11C24\lpc_chip_11cxx_lib\Debug\liblpc_chip_11cxx_lib.a(clock_11xx.o)
                0x000004bc                Chip_Clock_GetSystemClockRate
 .text.Chip_GPIO_Init
                0x000004d0       0x14 C:\Users\Leonid Lezner\Documents\LPC11C24\lpc_chip_11cxx_lib\Debug\liblpc_chip_11cxx_lib.a(gpio_11xx_2.o)
                0x000004d0                Chip_GPIO_Init
 .text.Chip_SYSCTL_PowerDown
                0x000004e4       0x1c C:\Users\Leonid Lezner\Documents\LPC11C24\lpc_chip_11cxx_lib\Debug\liblpc_chip_11cxx_lib.a(sysctl_11xx.o)
                0x000004e4                Chip_SYSCTL_PowerDown
 .text.Chip_SYSCTL_PowerUp
                0x00000500       0x24 C:\Users\Leonid Lezner\Documents\LPC11C24\lpc_chip_11cxx_lib\Debug\liblpc_chip_11cxx_lib.a(sysctl_11xx.o)
                0x00000500                Chip_SYSCTL_PowerUp
 .text.__main   0x00000524       0x12 c:/nxp/lpcxpresso_7.3.0_186/lpcxpresso/tools/bin/../lib/gcc/arm-none-eabi/4.8.4/../../../../arm-none-eabi/lib/armv6-m\libcr_nohost.a(_cr__main.o)
                0x00000524                __main
 *fill*         0x00000536        0x2 
 .text._initio  0x00000538       0xa4 c:/nxp/lpcxpresso_7.3.0_186/lpcxpresso/tools/bin/../lib/gcc/arm-none-eabi/4.8.4/../../../../arm-none-eabi/lib/armv6-m\libcr_c.a(initio.o)
                0x00000538                _initio
 .text.setvbuf  0x000005dc       0x48 c:/nxp/lpcxpresso_7.3.0_186/lpcxpresso/tools/bin/../lib/gcc/arm-none-eabi/4.8.4/../../../../arm-none-eabi/lib/armv6-m\libcr_c.a(setvbuf.o)
                0x000005dc                setvbuf
 .text.memset   0x00000624        0x8 c:/nxp/lpcxpresso_7.3.0_186/lpcxpresso/tools/bin/../lib/gcc/arm-none-eabi/4.8.4/../../../../arm-none-eabi/lib/armv6-m\libcr_c.a(memset.o)
                0x00000624                memset
 .text._deferredlazyseek
                0x0000062c       0x44 c:/nxp/lpcxpresso_7.3.0_186/lpcxpresso/tools/bin/../lib/gcc/arm-none-eabi/4.8.4/../../../../arm-none-eabi/lib/armv6-m\libcr_c.a(_deferredlazyseek.o)
                0x0000062c                _deferredlazyseek
 .text._fdopen  0x00000670       0x68 c:/nxp/lpcxpresso_7.3.0_186/lpcxpresso/tools/bin/../lib/gcc/arm-none-eabi/4.8.4/../../../../arm-none-eabi/lib/armv6-m\libcr_c.a(_fdopen.o)
                0x00000670                _fdopen
 .text._fflush  0x000006d8       0x64 c:/nxp/lpcxpresso_7.3.0_186/lpcxpresso/tools/bin/../lib/gcc/arm-none-eabi/4.8.4/../../../../arm-none-eabi/lib/armv6-m\libcr_c.a(_fflush.o)
                0x000006d8                _fflush
 .text._Cwritebuf
                0x0000073c       0x6c c:/nxp/lpcxpresso_7.3.0_186/lpcxpresso/tools/bin/../lib/gcc/arm-none-eabi/4.8.4/../../../../arm-none-eabi/lib/armv6-m\libcr_c.a(_writebuf.o)
                0x0000073c                _Cwritebuf
 .text.malloc   0x000007a8       0xc0 c:/nxp/lpcxpresso_7.3.0_186/lpcxpresso/tools/bin/../lib/gcc/arm-none-eabi/4.8.4/../../../../arm-none-eabi/lib/armv6-m\libcr_c.a(alloc.o)
                0x000007a8                malloc
 .text.free     0x00000868        0xe c:/nxp/lpcxpresso_7.3.0_186/lpcxpresso/tools/bin/../lib/gcc/arm-none-eabi/4.8.4/../../../../arm-none-eabi/lib/armv6-m\libcr_c.a(alloc.o)
                0x00000868                free
 *fill*         0x00000876        0x2 
 .text._Csys_alloc
                0x00000878       0x20 c:/nxp/lpcxpresso_7.3.0_186/lpcxpresso/tools/bin/../lib/gcc/arm-none-eabi/4.8.4/../../../../arm-none-eabi/lib/armv6-m\libcr_c.a(alloc.o)
                0x00000878                _Csys_alloc
 .text.fclose   0x00000898       0x70 c:/nxp/lpcxpresso_7.3.0_186/lpcxpresso/tools/bin/../lib/gcc/arm-none-eabi/4.8.4/../../../../arm-none-eabi/lib/armv6-m\libcr_c.a(fclose.o)
                0x00000898                fclose
 .text.fflush   0x00000908       0x34 c:/nxp/lpcxpresso_7.3.0_186/lpcxpresso/tools/bin/../lib/gcc/arm-none-eabi/4.8.4/../../../../arm-none-eabi/lib/armv6-m\libcr_c.a(fflush.o)
                0x00000908                fflush
 .text.fseek    0x0000093c       0xf8 c:/nxp/lpcxpresso_7.3.0_186/lpcxpresso/tools/bin/../lib/gcc/arm-none-eabi/4.8.4/../../../../arm-none-eabi/lib/armv6-m\libcr_c.a(fseek.o)
                0x0000093c                fseek
 .text.ftell    0x00000a34       0x4c c:/nxp/lpcxpresso_7.3.0_186/lpcxpresso/tools/bin/../lib/gcc/arm-none-eabi/4.8.4/../../../../arm-none-eabi/lib/armv6-m\libcr_c.a(ftell.o)
                0x00000a34                ftell
 .text.remove   0x00000a80       0x12 c:/nxp/lpcxpresso_7.3.0_186/lpcxpresso/tools/bin/../lib/gcc/arm-none-eabi/4.8.4/../../../../arm-none-eabi/lib/armv6-m\libcr_c.a(remove.o)
                0x00000a80                remove
 *fill*         0x00000a92        0x2 
 .text.strlen   0x00000a94       0x54 c:/nxp/lpcxpresso_7.3.0_186/lpcxpresso/tools/bin/../lib/gcc/arm-none-eabi/4.8.4/../../../../arm-none-eabi/lib/armv6-m\libcr_c.a(strlen.o)
                0x00000a94                strlen
 .text._sbrk    0x00000ae8       0x40 c:/nxp/lpcxpresso_7.3.0_186/lpcxpresso/tools/bin/../lib/gcc/arm-none-eabi/4.8.4/../../../../arm-none-eabi/lib/armv6-m\libcr_c.a(_cr_sbrk.o)
                0x00000ae8                _sbrk
 .text._do_fflush
                0x00000b28       0x48 c:/nxp/lpcxpresso_7.3.0_186/lpcxpresso/tools/bin/../lib/gcc/arm-none-eabi/4.8.4/../../../../arm-none-eabi/lib/armv6-m\libcr_c.a(_do_fflush.o)
                0x00000b28                _do_fflush
 .text.__check_heap_overflow
                0x00000b70       0x18 c:/nxp/lpcxpresso_7.3.0_186/lpcxpresso/tools/bin/../lib/gcc/arm-none-eabi/4.8.4/../../../../arm-none-eabi/lib/armv6-m\libcr_c.a(_cr_check_heap.o)
                0x00000b70                __check_heap_overflow
 .text.__aeabi_division_idivmod
                0x00000b88       0x78 c:/nxp/lpcxpresso_7.3.0_186/lpcxpresso/tools/bin/../lib/gcc/arm-none-eabi/4.8.4/armv6-m\libcr_eabihelpers.a(division_32.o)
                0x00000b88                __aeabi_idivmod
                0x00000b88                __aeabi_idiv
                0x00000b8e                __aeabi_uidivmod
                0x00000b8e                __aeabi_uidiv
 .text.__aeabi_division_idiv0
                0x00000c00        0x2 c:/nxp/lpcxpresso_7.3.0_186/lpcxpresso/tools/bin/../lib/gcc/arm-none-eabi/4.8.4/armv6-m\libcr_eabihelpers.a(division_idiv0.o)
                0x00000c00                __aeabi_idiv0
 .text.__aeabi_memset_lowlevel
                0x00000c02       0x2a c:/nxp/lpcxpresso_7.3.0_186/lpcxpresso/tools/bin/../lib/gcc/arm-none-eabi/4.8.4/armv6-m\libcr_eabihelpers.a(memcpy.o)
                0x00000c02                __aeabi_lowlevel_memset
 .text.__sys_appexit
                0x00000c2c        0x2 c:/nxp/lpcxpresso_7.3.0_186/lpcxpresso/tools/bin/../lib/gcc/arm-none-eabi/4.8.4/../../../../arm-none-eabi/lib/armv6-m\libcr_nohost.a(__sys_appexit.o)
                0x00000c2c                __sys_appexit
                0x00000c2c                __exit
 .text.__sys_close
                0x00000c2e        0x6 c:/nxp/lpcxpresso_7.3.0_186/lpcxpresso/tools/bin/../lib/gcc/arm-none-eabi/4.8.4/../../../../arm-none-eabi/lib/armv6-m\libcr_nohost.a(__sys_close.o)
                0x00000c2e                __sys_close
 .text.__sys_flen
                0x00000c34        0x6 c:/nxp/lpcxpresso_7.3.0_186/lpcxpresso/tools/bin/../lib/gcc/arm-none-eabi/4.8.4/../../../../arm-none-eabi/lib/armv6-m\libcr_nohost.a(__sys_flen.o)
                0x00000c34                __sys_flen
 .text.__sys_istty
                0x00000c3a        0x6 c:/nxp/lpcxpresso_7.3.0_186/lpcxpresso/tools/bin/../lib/gcc/arm-none-eabi/4.8.4/../../../../arm-none-eabi/lib/armv6-m\libcr_nohost.a(__sys_istty.o)
                0x00000c3a                __sys_istty
 .text.__sys_remove
                0x00000c40        0x6 c:/nxp/lpcxpresso_7.3.0_186/lpcxpresso/tools/bin/../lib/gcc/arm-none-eabi/4.8.4/../../../../arm-none-eabi/lib/armv6-m\libcr_nohost.a(__sys_remove.o)
                0x00000c40                __sys_remove
 .text.__sys_seek
                0x00000c46        0x6 c:/nxp/lpcxpresso_7.3.0_186/lpcxpresso/tools/bin/../lib/gcc/arm-none-eabi/4.8.4/../../../../arm-none-eabi/lib/armv6-m\libcr_nohost.a(__sys_seek.o)
                0x00000c46                __sys_seek
 .text.__sys_tmpnam
                0x00000c4c        0x6 c:/nxp/lpcxpresso_7.3.0_186/lpcxpresso/tools/bin/../lib/gcc/arm-none-eabi/4.8.4/../../../../arm-none-eabi/lib/armv6-m\libcr_nohost.a(__sys_tmpnam.o)
                0x00000c4c                __sys_tmpnam
 *(.rodata .rodata.* .constdata .constdata.*)
 *fill*         0x00000c52        0x2 
 .rodata.OscRateIn
                0x00000c54        0x4 C:\Users\Leonid Lezner\Documents\LPC11C24\nxp_lpcxpresso_11c24_board_lib\Debug\libnxp_lpcxpresso_11c24_board_lib.a(board.o)
                0x00000c54                OscRateIn
 .rodata.pinmuxing
                0x00000c58       0x28 C:\Users\Leonid Lezner\Documents\LPC11C24\nxp_lpcxpresso_11c24_board_lib\Debug\libnxp_lpcxpresso_11c24_board_lib.a(board_sysinit.o)
 .rodata.wdtOSCRate
                0x00000c80       0x40 C:\Users\Leonid Lezner\Documents\LPC11C24\lpc_chip_11cxx_lib\Debug\liblpc_chip_11cxx_lib.a(clock_11xx.o)
 .rodata.str1.1
                0x00000cc0        0x4 c:/nxp/lpcxpresso_7.3.0_186/lpcxpresso/tools/bin/../lib/gcc/arm-none-eabi/4.8.4/../../../../arm-none-eabi/lib/armv6-m\libcr_c.a(initio.o)
 .rodata.str1.1
                0x00000cc4       0x18 c:/nxp/lpcxpresso_7.3.0_186/lpcxpresso/tools/bin/../lib/gcc/arm-none-eabi/4.8.4/../../../../arm-none-eabi/lib/armv6-m\libcr_c.a(alloc.o)
                0x00000cdc                . = ALIGN (0x4)

.glue_7         0x00000cdc        0x0
 .glue_7        0x00000000        0x0 linker stubs

.glue_7t        0x00000cdc        0x0
 .glue_7t       0x00000000        0x0 linker stubs

.vfp11_veneer   0x00000cdc        0x0
 .vfp11_veneer  0x00000000        0x0 linker stubs

.v4_bx          0x00000cdc        0x0
 .v4_bx         0x00000000        0x0 linker stubs

.iplt           0x00000cdc        0x0
 .iplt          0x00000000        0x0 ./example/src/adc_1125.o

.rel.dyn        0x00000cdc        0x0
 .rel.iplt      0x00000000        0x0 ./example/src/adc_1125.o

.ARM.extab
 *(.ARM.extab* .gnu.linkonce.armextab.*)
                0x00000cdc                __exidx_start = .

.ARM.exidx
 *(.ARM.exidx* .gnu.linkonce.armexidx.*)
                0x00000cdc                __exidx_end = .
                0x00000cdc                _etext = .

.uninit_RESERVED
                0x10000000        0x0
 *(.bss.$RESERVED*)
                0x10000000                . = ALIGN (0x4)
                0x10000000                _end_uninit_RESERVED = .

.data           0x10000000        0x0 load address 0x00000cdc
 FILL mask 0xff
                0x10000000                _data = .
 *(vtable)
 *(.ramfunc*)
 *(.data*)
                0x10000000                . = ALIGN (0x4)
                0x10000000                _edata = .

.igot.plt       0x10000000        0x0 load address 0x00000cdc
 .igot.plt      0x00000000        0x0 ./example/src/adc_1125.o

.bss            0x10000000      0x15c load address 0x00000cdc
                0x10000000                _bss = .
 *(.bss*)
 .bss.ADCSetup  0x10000000        0x8 ./example/src/adc_11xx.o
 .bss.errno     0x10000008        0x4 c:/nxp/lpcxpresso_7.3.0_186/lpcxpresso/tools/bin/../lib/gcc/arm-none-eabi/4.8.4/../../../../arm-none-eabi/lib/armv6-m\libcr_c.a(errno.o)
                0x10000008                errno
 *(COMMON)
 COMMON         0x1000000c        0x4 C:\Users\Leonid Lezner\Documents\LPC11C24\lpc_chip_11cxx_lib\Debug\liblpc_chip_11cxx_lib.a(chip_11xx.o)
                0x1000000c                SystemCoreClock
 COMMON         0x10000010        0x4 c:/nxp/lpcxpresso_7.3.0_186/lpcxpresso/tools/bin/../lib/gcc/arm-none-eabi/4.8.4/../../../../arm-none-eabi/lib/armv6-m\libcr_c.a(initio.o)
                0x10000010                _extra
 COMMON         0x10000014      0x140 c:/nxp/lpcxpresso_7.3.0_186/lpcxpresso/tools/bin/../lib/gcc/arm-none-eabi/4.8.4/../../../../arm-none-eabi/lib/armv6-m\libcr_c.a(stdio.o)
                0x10000014                __Ciob
 COMMON         0x10000154        0x8 c:/nxp/lpcxpresso_7.3.0_186/lpcxpresso/tools/bin/../lib/gcc/arm-none-eabi/4.8.4/../../../../arm-none-eabi/lib/armv6-m\libcr_c.a(__init_alloc.o)
                0x10000154                __heaps
                0x10000158                __end_of_heap
                0x1000015c                . = ALIGN (0x4)
                0x1000015c                _ebss = .
                0x1000015c                PROVIDE (end, .)

.noinit         0x1000015c        0x0 load address 0x00000cdc
                0x1000015c                _noinit = .
 *(.noinit*)
                0x1000015c                . = ALIGN (0x4)
                0x1000015c                _end_noinit = .
                0x1000015c                PROVIDE (_pvHeapStart, .)
                0x10002000                PROVIDE (_vStackTop, (__top_RamLoc8 - 0x0))
OUTPUT(nxp_lpcxpresso_11c24_periph_adc.axf elf32-littlearm)

.debug_info     0x00000000     0x4727
 .debug_info    0x00000000      0x5f6 ./example/src/adc_11xx.o
 .debug_info    0x000005f6      0x252 ./example/src/cr_startup_lpc11xx.o
 .debug_info    0x00000848       0xcd ./example/src/sysinit.o
 .debug_info    0x00000915      0xa0b C:\Users\Leonid Lezner\Documents\LPC11C24\nxp_lpcxpresso_11c24_board_lib\Debug\libnxp_lpcxpresso_11c24_board_lib.a(board.o)
 .debug_info    0x00001320      0xb45 C:\Users\Leonid Lezner\Documents\LPC11C24\nxp_lpcxpresso_11c24_board_lib\Debug\libnxp_lpcxpresso_11c24_board_lib.a(board_sysinit.o)
 .debug_info    0x00001e65      0xd2a C:\Users\Leonid Lezner\Documents\LPC11C24\lpc_chip_11cxx_lib\Debug\liblpc_chip_11cxx_lib.a(adc_11xx.o)
 .debug_info    0x00002b8f       0xdc C:\Users\Leonid Lezner\Documents\LPC11C24\lpc_chip_11cxx_lib\Debug\liblpc_chip_11cxx_lib.a(chip_11xx.o)
 .debug_info    0x00002c6b      0x8c2 C:\Users\Leonid Lezner\Documents\LPC11C24\lpc_chip_11cxx_lib\Debug\liblpc_chip_11cxx_lib.a(clock_11xx.o)
 .debug_info    0x0000352d      0xc71 C:\Users\Leonid Lezner\Documents\LPC11C24\lpc_chip_11cxx_lib\Debug\liblpc_chip_11cxx_lib.a(gpio_11xx_2.o)
 .debug_info    0x0000419e      0x589 C:\Users\Leonid Lezner\Documents\LPC11C24\lpc_chip_11cxx_lib\Debug\liblpc_chip_11cxx_lib.a(sysctl_11xx.o)

.debug_abbrev   0x00000000     0x107e
 .debug_abbrev  0x00000000      0x1eb ./example/src/adc_11xx.o
 .debug_abbrev  0x000001eb       0xf9 ./example/src/cr_startup_lpc11xx.o
 .debug_abbrev  0x000002e4       0x88 ./example/src/sysinit.o
 .debug_abbrev  0x0000036c      0x2de C:\Users\Leonid Lezner\Documents\LPC11C24\nxp_lpcxpresso_11c24_board_lib\Debug\libnxp_lpcxpresso_11c24_board_lib.a(board.o)
 .debug_abbrev  0x0000064a      0x2a6 C:\Users\Leonid Lezner\Documents\LPC11C24\nxp_lpcxpresso_11c24_board_lib\Debug\libnxp_lpcxpresso_11c24_board_lib.a(board_sysinit.o)
 .debug_abbrev  0x000008f0      0x265 C:\Users\Leonid Lezner\Documents\LPC11C24\lpc_chip_11cxx_lib\Debug\liblpc_chip_11cxx_lib.a(adc_11xx.o)
 .debug_abbrev  0x00000b55       0x9b C:\Users\Leonid Lezner\Documents\LPC11C24\lpc_chip_11cxx_lib\Debug\liblpc_chip_11cxx_lib.a(chip_11xx.o)
 .debug_abbrev  0x00000bf0      0x1fb C:\Users\Leonid Lezner\Documents\LPC11C24\lpc_chip_11cxx_lib\Debug\liblpc_chip_11cxx_lib.a(clock_11xx.o)
 .debug_abbrev  0x00000deb      0x1c5 C:\Users\Leonid Lezner\Documents\LPC11C24\lpc_chip_11cxx_lib\Debug\liblpc_chip_11cxx_lib.a(gpio_11xx_2.o)
 .debug_abbrev  0x00000fb0       0xce C:\Users\Leonid Lezner\Documents\LPC11C24\lpc_chip_11cxx_lib\Debug\liblpc_chip_11cxx_lib.a(sysctl_11xx.o)

.debug_loc      0x00000000     0x1429
 .debug_loc     0x00000000       0x39 ./example/src/adc_11xx.o
 .debug_loc     0x00000039      0x1bb ./example/src/cr_startup_lpc11xx.o
 .debug_loc     0x000001f4      0x168 C:\Users\Leonid Lezner\Documents\LPC11C24\nxp_lpcxpresso_11c24_board_lib\Debug\libnxp_lpcxpresso_11c24_board_lib.a(board.o)
 .debug_loc     0x0000035c       0x85 C:\Users\Leonid Lezner\Documents\LPC11C24\nxp_lpcxpresso_11c24_board_lib\Debug\libnxp_lpcxpresso_11c24_board_lib.a(board_sysinit.o)
 .debug_loc     0x000003e1      0x67a C:\Users\Leonid Lezner\Documents\LPC11C24\lpc_chip_11cxx_lib\Debug\liblpc_chip_11cxx_lib.a(adc_11xx.o)
 .debug_loc     0x00000a5b      0x193 C:\Users\Leonid Lezner\Documents\LPC11C24\lpc_chip_11cxx_lib\Debug\liblpc_chip_11cxx_lib.a(clock_11xx.o)
 .debug_loc     0x00000bee      0x76b C:\Users\Leonid Lezner\Documents\LPC11C24\lpc_chip_11cxx_lib\Debug\liblpc_chip_11cxx_lib.a(gpio_11xx_2.o)
 .debug_loc     0x00001359       0xd0 C:\Users\Leonid Lezner\Documents\LPC11C24\lpc_chip_11cxx_lib\Debug\liblpc_chip_11cxx_lib.a(sysctl_11xx.o)

.debug_aranges  0x00000000      0x2f0
 .debug_aranges
                0x00000000       0x28 ./example/src/adc_11xx.o
 .debug_aranges
                0x00000028       0x60 ./example/src/cr_startup_lpc11xx.o
 .debug_aranges
                0x00000088       0x20 ./example/src/sysinit.o
 .debug_aranges
                0x000000a8       0x70 C:\Users\Leonid Lezner\Documents\LPC11C24\nxp_lpcxpresso_11c24_board_lib\Debug\libnxp_lpcxpresso_11c24_board_lib.a(board.o)
 .debug_aranges
                0x00000118       0x30 C:\Users\Leonid Lezner\Documents\LPC11C24\nxp_lpcxpresso_11c24_board_lib\Debug\libnxp_lpcxpresso_11c24_board_lib.a(board_sysinit.o)
 .debug_aranges
                0x00000148       0x88 C:\Users\Leonid Lezner\Documents\LPC11C24\lpc_chip_11cxx_lib\Debug\liblpc_chip_11cxx_lib.a(adc_11xx.o)
 .debug_aranges
                0x000001d0       0x20 C:\Users\Leonid Lezner\Documents\LPC11C24\lpc_chip_11cxx_lib\Debug\liblpc_chip_11cxx_lib.a(chip_11xx.o)
 .debug_aranges
                0x000001f0       0x78 C:\Users\Leonid Lezner\Documents\LPC11C24\lpc_chip_11cxx_lib\Debug\liblpc_chip_11cxx_lib.a(clock_11xx.o)
 .debug_aranges
                0x00000268       0x50 C:\Users\Leonid Lezner\Documents\LPC11C24\lpc_chip_11cxx_lib\Debug\liblpc_chip_11cxx_lib.a(gpio_11xx_2.o)
 .debug_aranges
                0x000002b8       0x38 C:\Users\Leonid Lezner\Documents\LPC11C24\lpc_chip_11cxx_lib\Debug\liblpc_chip_11cxx_lib.a(sysctl_11xx.o)

.debug_ranges   0x00000000      0x268
 .debug_ranges  0x00000000       0x18 ./example/src/adc_11xx.o
 .debug_ranges  0x00000018       0x50 ./example/src/cr_startup_lpc11xx.o
 .debug_ranges  0x00000068       0x10 ./example/src/sysinit.o
 .debug_ranges  0x00000078       0x60 C:\Users\Leonid Lezner\Documents\LPC11C24\nxp_lpcxpresso_11c24_board_lib\Debug\libnxp_lpcxpresso_11c24_board_lib.a(board.o)
 .debug_ranges  0x000000d8       0x38 C:\Users\Leonid Lezner\Documents\LPC11C24\nxp_lpcxpresso_11c24_board_lib\Debug\libnxp_lpcxpresso_11c24_board_lib.a(board_sysinit.o)
 .debug_ranges  0x00000110       0x78 C:\Users\Leonid Lezner\Documents\LPC11C24\lpc_chip_11cxx_lib\Debug\liblpc_chip_11cxx_lib.a(adc_11xx.o)
 .debug_ranges  0x00000188       0x10 C:\Users\Leonid Lezner\Documents\LPC11C24\lpc_chip_11cxx_lib\Debug\liblpc_chip_11cxx_lib.a(chip_11xx.o)
 .debug_ranges  0x00000198       0x68 C:\Users\Leonid Lezner\Documents\LPC11C24\lpc_chip_11cxx_lib\Debug\liblpc_chip_11cxx_lib.a(clock_11xx.o)
 .debug_ranges  0x00000200       0x40 C:\Users\Leonid Lezner\Documents\LPC11C24\lpc_chip_11cxx_lib\Debug\liblpc_chip_11cxx_lib.a(gpio_11xx_2.o)
 .debug_ranges  0x00000240       0x28 C:\Users\Leonid Lezner\Documents\LPC11C24\lpc_chip_11cxx_lib\Debug\liblpc_chip_11cxx_lib.a(sysctl_11xx.o)

.debug_macro    0x00000000     0x1d19
 .debug_macro   0x00000000      0x17d ./example/src/adc_11xx.o
 .debug_macro   0x0000017d       0x26 ./example/src/cr_startup_lpc11xx.o
 .debug_macro   0x000001a3      0x826 ./example/src/cr_startup_lpc11xx.o
 .debug_macro   0x000009c9      0x17d ./example/src/sysinit.o
 .debug_macro   0x00000b46      0x18a C:\Users\Leonid Lezner\Documents\LPC11C24\nxp_lpcxpresso_11c24_board_lib\Debug\libnxp_lpcxpresso_11c24_board_lib.a(board.o)
 .debug_macro   0x00000cd0      0x81a C:\Users\Leonid Lezner\Documents\LPC11C24\nxp_lpcxpresso_11c24_board_lib\Debug\libnxp_lpcxpresso_11c24_board_lib.a(board.o)
 .debug_macro   0x000014ea       0x12 C:\Users\Leonid Lezner\Documents\LPC11C24\nxp_lpcxpresso_11c24_board_lib\Debug\libnxp_lpcxpresso_11c24_board_lib.a(board.o)
 .debug_macro   0x000014fc      0x18b C:\Users\Leonid Lezner\Documents\LPC11C24\nxp_lpcxpresso_11c24_board_lib\Debug\libnxp_lpcxpresso_11c24_board_lib.a(board_sysinit.o)
 .debug_macro   0x00001687      0x148 C:\Users\Leonid Lezner\Documents\LPC11C24\lpc_chip_11cxx_lib\Debug\liblpc_chip_11cxx_lib.a(adc_11xx.o)
 .debug_macro   0x000017cf      0x148 C:\Users\Leonid Lezner\Documents\LPC11C24\lpc_chip_11cxx_lib\Debug\liblpc_chip_11cxx_lib.a(chip_11xx.o)
 .debug_macro   0x00001917      0x148 C:\Users\Leonid Lezner\Documents\LPC11C24\lpc_chip_11cxx_lib\Debug\liblpc_chip_11cxx_lib.a(clock_11xx.o)
 .debug_macro   0x00001a5f      0x148 C:\Users\Leonid Lezner\Documents\LPC11C24\lpc_chip_11cxx_lib\Debug\liblpc_chip_11cxx_lib.a(gpio_11xx_2.o)
 .debug_macro   0x00001ba7      0x172 C:\Users\Leonid Lezner\Documents\LPC11C24\lpc_chip_11cxx_lib\Debug\liblpc_chip_11cxx_lib.a(sysctl_11xx.o)

.debug_line     0x00000000     0x206c
 .debug_line    0x00000000      0x365 ./example/src/adc_11xx.o
 .debug_line    0x00000365       0xf2 ./example/src/cr_startup_lpc11xx.o
 .debug_line    0x00000457      0x331 ./example/src/sysinit.o
 .debug_line    0x00000788      0x439 C:\Users\Leonid Lezner\Documents\LPC11C24\nxp_lpcxpresso_11c24_board_lib\Debug\libnxp_lpcxpresso_11c24_board_lib.a(board.o)
 .debug_line    0x00000bc1      0x3de C:\Users\Leonid Lezner\Documents\LPC11C24\nxp_lpcxpresso_11c24_board_lib\Debug\libnxp_lpcxpresso_11c24_board_lib.a(board_sysinit.o)
 .debug_line    0x00000f9f      0x3e6 C:\Users\Leonid Lezner\Documents\LPC11C24\lpc_chip_11cxx_lib\Debug\liblpc_chip_11cxx_lib.a(adc_11xx.o)
 .debug_line    0x00001385      0x2b9 C:\Users\Leonid Lezner\Documents\LPC11C24\lpc_chip_11cxx_lib\Debug\liblpc_chip_11cxx_lib.a(chip_11xx.o)
 .debug_line    0x0000163e      0x3b1 C:\Users\Leonid Lezner\Documents\LPC11C24\lpc_chip_11cxx_lib\Debug\liblpc_chip_11cxx_lib.a(clock_11xx.o)
 .debug_line    0x000019ef      0x387 C:\Users\Leonid Lezner\Documents\LPC11C24\lpc_chip_11cxx_lib\Debug\liblpc_chip_11cxx_lib.a(gpio_11xx_2.o)
 .debug_line    0x00001d76      0x2f6 C:\Users\Leonid Lezner\Documents\LPC11C24\lpc_chip_11cxx_lib\Debug\liblpc_chip_11cxx_lib.a(sysctl_11xx.o)

.debug_str      0x00000000     0x9991
 .debug_str     0x00000000     0x8394 ./example/src/adc_11xx.o
                               0x8499 (size before relaxing)
 .debug_str     0x00008394      0x248 ./example/src/cr_startup_lpc11xx.o
                               0x24ba (size before relaxing)
 .debug_str     0x000085dc       0x2a ./example/src/sysinit.o
                               0x7f50 (size before relaxing)
 .debug_str     0x00008606      0x2b7 C:\Users\Leonid Lezner\Documents\LPC11C24\nxp_lpcxpresso_11c24_board_lib\Debug\libnxp_lpcxpresso_11c24_board_lib.a(board.o)
                               0x8434 (size before relaxing)
 .debug_str     0x000088bd      0x753 C:\Users\Leonid Lezner\Documents\LPC11C24\nxp_lpcxpresso_11c24_board_lib\Debug\libnxp_lpcxpresso_11c24_board_lib.a(board_sysinit.o)
                               0x890e (size before relaxing)
 .debug_str     0x00009010      0x21d C:\Users\Leonid Lezner\Documents\LPC11C24\lpc_chip_11cxx_lib\Debug\liblpc_chip_11cxx_lib.a(adc_11xx.o)
                               0x8551 (size before relaxing)
 .debug_str     0x0000922d       0x23 C:\Users\Leonid Lezner\Documents\LPC11C24\lpc_chip_11cxx_lib\Debug\liblpc_chip_11cxx_lib.a(chip_11xx.o)
                               0x7c94 (size before relaxing)
 .debug_str     0x00009250      0x3bc C:\Users\Leonid Lezner\Documents\LPC11C24\lpc_chip_11cxx_lib\Debug\liblpc_chip_11cxx_lib.a(clock_11xx.o)
                               0x843a (size before relaxing)
 .debug_str     0x0000960c      0x210 C:\Users\Leonid Lezner\Documents\LPC11C24\lpc_chip_11cxx_lib\Debug\liblpc_chip_11cxx_lib.a(gpio_11xx_2.o)
                               0x8318 (size before relaxing)
 .debug_str     0x0000981c      0x175 C:\Users\Leonid Lezner\Documents\LPC11C24\lpc_chip_11cxx_lib\Debug\liblpc_chip_11cxx_lib.a(sysctl_11xx.o)
                               0x8084 (size before relaxing)

.comment        0x00000000       0xe0
 .comment       0x00000000       0x70 ./example/src/adc_11xx.o
                                 0x71 (size before relaxing)
 .comment       0x00000000       0x71 ./example/src/cr_startup_lpc11xx.o
 .comment       0x00000000       0x71 ./example/src/sysinit.o
 .comment       0x00000000       0x71 C:\Users\Leonid Lezner\Documents\LPC11C24\nxp_lpcxpresso_11c24_board_lib\Debug\libnxp_lpcxpresso_11c24_board_lib.a(board.o)
 .comment       0x00000000       0x71 C:\Users\Leonid Lezner\Documents\LPC11C24\nxp_lpcxpresso_11c24_board_lib\Debug\libnxp_lpcxpresso_11c24_board_lib.a(board_sysinit.o)
 .comment       0x00000000       0x71 C:\Users\Leonid Lezner\Documents\LPC11C24\lpc_chip_11cxx_lib\Debug\liblpc_chip_11cxx_lib.a(adc_11xx.o)
 .comment       0x00000000       0x71 C:\Users\Leonid Lezner\Documents\LPC11C24\lpc_chip_11cxx_lib\Debug\liblpc_chip_11cxx_lib.a(chip_11xx.o)
 .comment       0x00000000       0x71 C:\Users\Leonid Lezner\Documents\LPC11C24\lpc_chip_11cxx_lib\Debug\liblpc_chip_11cxx_lib.a(clock_11xx.o)
 .comment       0x00000000       0x71 C:\Users\Leonid Lezner\Documents\LPC11C24\lpc_chip_11cxx_lib\Debug\liblpc_chip_11cxx_lib.a(gpio_11xx_2.o)
 .comment       0x00000000       0x71 C:\Users\Leonid Lezner\Documents\LPC11C24\lpc_chip_11cxx_lib\Debug\liblpc_chip_11cxx_lib.a(sysctl_11xx.o)
 .comment       0x00000070       0x70 c:/nxp/lpcxpresso_7.3.0_186/lpcxpresso/tools/bin/../lib/gcc/arm-none-eabi/4.8.4/../../../../arm-none-eabi/lib/armv6-m\libcr_nohost.a(_cr__main.o)
                                 0x71 (size before relaxing)
 .comment       0x00000000       0x71 c:/nxp/lpcxpresso_7.3.0_186/lpcxpresso/tools/bin/../lib/gcc/arm-none-eabi/4.8.4/../../../../arm-none-eabi/lib/armv6-m\libcr_c.a(initio.o)
 .comment       0x00000000       0x71 c:/nxp/lpcxpresso_7.3.0_186/lpcxpresso/tools/bin/../lib/gcc/arm-none-eabi/4.8.4/../../../../arm-none-eabi/lib/armv6-m\libcr_c.a(setvbuf.o)
 .comment       0x00000000       0x71 c:/nxp/lpcxpresso_7.3.0_186/lpcxpresso/tools/bin/../lib/gcc/arm-none-eabi/4.8.4/../../../../arm-none-eabi/lib/armv6-m\libcr_c.a(stdio.o)
 .comment       0x00000000       0x71 c:/nxp/lpcxpresso_7.3.0_186/lpcxpresso/tools/bin/../lib/gcc/arm-none-eabi/4.8.4/../../../../arm-none-eabi/lib/armv6-m\libcr_c.a(memset.o)
 .comment       0x00000000       0x71 c:/nxp/lpcxpresso_7.3.0_186/lpcxpresso/tools/bin/../lib/gcc/arm-none-eabi/4.8.4/../../../../arm-none-eabi/lib/armv6-m\libcr_c.a(_deferredlazyseek.o)
 .comment       0x00000000       0x71 c:/nxp/lpcxpresso_7.3.0_186/lpcxpresso/tools/bin/../lib/gcc/arm-none-eabi/4.8.4/../../../../arm-none-eabi/lib/armv6-m\libcr_c.a(_fdopen.o)
 .comment       0x00000000       0x71 c:/nxp/lpcxpresso_7.3.0_186/lpcxpresso/tools/bin/../lib/gcc/arm-none-eabi/4.8.4/../../../../arm-none-eabi/lib/armv6-m\libcr_c.a(_fflush.o)
 .comment       0x00000000       0x71 c:/nxp/lpcxpresso_7.3.0_186/lpcxpresso/tools/bin/../lib/gcc/arm-none-eabi/4.8.4/../../../../arm-none-eabi/lib/armv6-m\libcr_c.a(_writebuf.o)
 .comment       0x00000000       0x71 c:/nxp/lpcxpresso_7.3.0_186/lpcxpresso/tools/bin/../lib/gcc/arm-none-eabi/4.8.4/../../../../arm-none-eabi/lib/armv6-m\libcr_c.a(alloc.o)
 .comment       0x00000000       0x71 c:/nxp/lpcxpresso_7.3.0_186/lpcxpresso/tools/bin/../lib/gcc/arm-none-eabi/4.8.4/../../../../arm-none-eabi/lib/armv6-m\libcr_c.a(fclose.o)
 .comment       0x00000000       0x71 c:/nxp/lpcxpresso_7.3.0_186/lpcxpresso/tools/bin/../lib/gcc/arm-none-eabi/4.8.4/../../../../arm-none-eabi/lib/armv6-m\libcr_c.a(fflush.o)
 .comment       0x00000000       0x71 c:/nxp/lpcxpresso_7.3.0_186/lpcxpresso/tools/bin/../lib/gcc/arm-none-eabi/4.8.4/../../../../arm-none-eabi/lib/armv6-m\libcr_c.a(fseek.o)
 .comment       0x00000000       0x71 c:/nxp/lpcxpresso_7.3.0_186/lpcxpresso/tools/bin/../lib/gcc/arm-none-eabi/4.8.4/../../../../arm-none-eabi/lib/armv6-m\libcr_c.a(ftell.o)
 .comment       0x00000000       0x71 c:/nxp/lpcxpresso_7.3.0_186/lpcxpresso/tools/bin/../lib/gcc/arm-none-eabi/4.8.4/../../../../arm-none-eabi/lib/armv6-m\libcr_c.a(remove.o)
 .comment       0x00000000       0x71 c:/nxp/lpcxpresso_7.3.0_186/lpcxpresso/tools/bin/../lib/gcc/arm-none-eabi/4.8.4/../../../../arm-none-eabi/lib/armv6-m\libcr_c.a(strlen.o)
 .comment       0x00000000       0x71 c:/nxp/lpcxpresso_7.3.0_186/lpcxpresso/tools/bin/../lib/gcc/arm-none-eabi/4.8.4/../../../../arm-none-eabi/lib/armv6-m\libcr_c.a(__init_alloc.o)
 .comment       0x00000000       0x71 c:/nxp/lpcxpresso_7.3.0_186/lpcxpresso/tools/bin/../lib/gcc/arm-none-eabi/4.8.4/../../../../arm-none-eabi/lib/armv6-m\libcr_c.a(_cr_sbrk.o)
 .comment       0x00000000       0x71 c:/nxp/lpcxpresso_7.3.0_186/lpcxpresso/tools/bin/../lib/gcc/arm-none-eabi/4.8.4/../../../../arm-none-eabi/lib/armv6-m\libcr_c.a(_do_fflush.o)
 .comment       0x00000000       0x71 c:/nxp/lpcxpresso_7.3.0_186/lpcxpresso/tools/bin/../lib/gcc/arm-none-eabi/4.8.4/../../../../arm-none-eabi/lib/armv6-m\libcr_c.a(errno.o)
 .comment       0x00000000       0x71 c:/nxp/lpcxpresso_7.3.0_186/lpcxpresso/tools/bin/../lib/gcc/arm-none-eabi/4.8.4/../../../../arm-none-eabi/lib/armv6-m\libcr_c.a(_cr_check_heap.o)
 .comment       0x00000000       0x71 c:/nxp/lpcxpresso_7.3.0_186/lpcxpresso/tools/bin/../lib/gcc/arm-none-eabi/4.8.4/../../../../arm-none-eabi/lib/armv6-m\libcr_nohost.a(__sys_appexit.o)
 .comment       0x00000000       0x71 c:/nxp/lpcxpresso_7.3.0_186/lpcxpresso/tools/bin/../lib/gcc/arm-none-eabi/4.8.4/../../../../arm-none-eabi/lib/armv6-m\libcr_nohost.a(__sys_close.o)
 .comment       0x00000000       0x71 c:/nxp/lpcxpresso_7.3.0_186/lpcxpresso/tools/bin/../lib/gcc/arm-none-eabi/4.8.4/../../../../arm-none-eabi/lib/armv6-m\libcr_nohost.a(__sys_flen.o)
 .comment       0x00000000       0x71 c:/nxp/lpcxpresso_7.3.0_186/lpcxpresso/tools/bin/../lib/gcc/arm-none-eabi/4.8.4/../../../../arm-none-eabi/lib/armv6-m\libcr_nohost.a(__sys_istty.o)
 .comment       0x00000000       0x71 c:/nxp/lpcxpresso_7.3.0_186/lpcxpresso/tools/bin/../lib/gcc/arm-none-eabi/4.8.4/../../../../arm-none-eabi/lib/armv6-m\libcr_nohost.a(__sys_remove.o)
 .comment       0x00000000       0x71 c:/nxp/lpcxpresso_7.3.0_186/lpcxpresso/tools/bin/../lib/gcc/arm-none-eabi/4.8.4/../../../../arm-none-eabi/lib/armv6-m\libcr_nohost.a(__sys_seek.o)
 .comment       0x00000000       0x71 c:/nxp/lpcxpresso_7.3.0_186/lpcxpresso/tools/bin/../lib/gcc/arm-none-eabi/4.8.4/../../../../arm-none-eabi/lib/armv6-m\libcr_nohost.a(__sys_tmpnam.o)

.ARM.attributes
                0x00000000       0x2f
 .ARM.attributes
                0x00000000       0x31 ./example/src/adc_11xx.o
 .ARM.attributes
                0x00000031       0x31 ./example/src/cr_startup_lpc11xx.o
 .ARM.attributes
                0x00000062       0x31 ./example/src/sysinit.o
 .ARM.attributes
                0x00000093       0x31 C:\Users\Leonid Lezner\Documents\LPC11C24\nxp_lpcxpresso_11c24_board_lib\Debug\libnxp_lpcxpresso_11c24_board_lib.a(board.o)
 .ARM.attributes
                0x000000c4       0x31 C:\Users\Leonid Lezner\Documents\LPC11C24\nxp_lpcxpresso_11c24_board_lib\Debug\libnxp_lpcxpresso_11c24_board_lib.a(board_sysinit.o)
 .ARM.attributes
                0x000000f5       0x31 C:\Users\Leonid Lezner\Documents\LPC11C24\lpc_chip_11cxx_lib\Debug\liblpc_chip_11cxx_lib.a(adc_11xx.o)
 .ARM.attributes
                0x00000126       0x31 C:\Users\Leonid Lezner\Documents\LPC11C24\lpc_chip_11cxx_lib\Debug\liblpc_chip_11cxx_lib.a(chip_11xx.o)
 .ARM.attributes
                0x00000157       0x31 C:\Users\Leonid Lezner\Documents\LPC11C24\lpc_chip_11cxx_lib\Debug\liblpc_chip_11cxx_lib.a(clock_11xx.o)
 .ARM.attributes
                0x00000188       0x31 C:\Users\Leonid Lezner\Documents\LPC11C24\lpc_chip_11cxx_lib\Debug\liblpc_chip_11cxx_lib.a(gpio_11xx_2.o)
 .ARM.attributes
                0x000001b9       0x31 C:\Users\Leonid Lezner\Documents\LPC11C24\lpc_chip_11cxx_lib\Debug\liblpc_chip_11cxx_lib.a(sysctl_11xx.o)
 .ARM.attributes
                0x000001ea       0x31 c:/nxp/lpcxpresso_7.3.0_186/lpcxpresso/tools/bin/../lib/gcc/arm-none-eabi/4.8.4/../../../../arm-none-eabi/lib/armv6-m\libcr_nohost.a(_cr__main.o)
 .ARM.attributes
                0x0000021b       0x31 c:/nxp/lpcxpresso_7.3.0_186/lpcxpresso/tools/bin/../lib/gcc/arm-none-eabi/4.8.4/../../../../arm-none-eabi/lib/armv6-m\libcr_c.a(initio.o)
 .ARM.attributes
                0x0000024c       0x31 c:/nxp/lpcxpresso_7.3.0_186/lpcxpresso/tools/bin/../lib/gcc/arm-none-eabi/4.8.4/../../../../arm-none-eabi/lib/armv6-m\libcr_c.a(setvbuf.o)
 .ARM.attributes
                0x0000027d       0x31 c:/nxp/lpcxpresso_7.3.0_186/lpcxpresso/tools/bin/../lib/gcc/arm-none-eabi/4.8.4/../../../../arm-none-eabi/lib/armv6-m\libcr_c.a(stdio.o)
 .ARM.attributes
                0x000002ae       0x31 c:/nxp/lpcxpresso_7.3.0_186/lpcxpresso/tools/bin/../lib/gcc/arm-none-eabi/4.8.4/../../../../arm-none-eabi/lib/armv6-m\libcr_c.a(memset.o)
 .ARM.attributes
                0x000002df       0x31 c:/nxp/lpcxpresso_7.3.0_186/lpcxpresso/tools/bin/../lib/gcc/arm-none-eabi/4.8.4/../../../../arm-none-eabi/lib/armv6-m\libcr_c.a(_deferredlazyseek.o)
 .ARM.attributes
                0x00000310       0x31 c:/nxp/lpcxpresso_7.3.0_186/lpcxpresso/tools/bin/../lib/gcc/arm-none-eabi/4.8.4/../../../../arm-none-eabi/lib/armv6-m\libcr_c.a(_fdopen.o)
 .ARM.attributes
                0x00000341       0x31 c:/nxp/lpcxpresso_7.3.0_186/lpcxpresso/tools/bin/../lib/gcc/arm-none-eabi/4.8.4/../../../../arm-none-eabi/lib/armv6-m\libcr_c.a(_fflush.o)
 .ARM.attributes
                0x00000372       0x31 c:/nxp/lpcxpresso_7.3.0_186/lpcxpresso/tools/bin/../lib/gcc/arm-none-eabi/4.8.4/../../../../arm-none-eabi/lib/armv6-m\libcr_c.a(_writebuf.o)
 .ARM.attributes
                0x000003a3       0x31 c:/nxp/lpcxpresso_7.3.0_186/lpcxpresso/tools/bin/../lib/gcc/arm-none-eabi/4.8.4/../../../../arm-none-eabi/lib/armv6-m\libcr_c.a(alloc.o)
 .ARM.attributes
                0x000003d4       0x31 c:/nxp/lpcxpresso_7.3.0_186/lpcxpresso/tools/bin/../lib/gcc/arm-none-eabi/4.8.4/../../../../arm-none-eabi/lib/armv6-m\libcr_c.a(fclose.o)
 .ARM.attributes
                0x00000405       0x31 c:/nxp/lpcxpresso_7.3.0_186/lpcxpresso/tools/bin/../lib/gcc/arm-none-eabi/4.8.4/../../../../arm-none-eabi/lib/armv6-m\libcr_c.a(fflush.o)
 .ARM.attributes
                0x00000436       0x31 c:/nxp/lpcxpresso_7.3.0_186/lpcxpresso/tools/bin/../lib/gcc/arm-none-eabi/4.8.4/../../../../arm-none-eabi/lib/armv6-m\libcr_c.a(fseek.o)
 .ARM.attributes
                0x00000467       0x31 c:/nxp/lpcxpresso_7.3.0_186/lpcxpresso/tools/bin/../lib/gcc/arm-none-eabi/4.8.4/../../../../arm-none-eabi/lib/armv6-m\libcr_c.a(ftell.o)
 .ARM.attributes
                0x00000498       0x31 c:/nxp/lpcxpresso_7.3.0_186/lpcxpresso/tools/bin/../lib/gcc/arm-none-eabi/4.8.4/../../../../arm-none-eabi/lib/armv6-m\libcr_c.a(remove.o)
 .ARM.attributes
                0x000004c9       0x31 c:/nxp/lpcxpresso_7.3.0_186/lpcxpresso/tools/bin/../lib/gcc/arm-none-eabi/4.8.4/../../../../arm-none-eabi/lib/armv6-m\libcr_c.a(strlen.o)
 .ARM.attributes
                0x000004fa       0x31 c:/nxp/lpcxpresso_7.3.0_186/lpcxpresso/tools/bin/../lib/gcc/arm-none-eabi/4.8.4/../../../../arm-none-eabi/lib/armv6-m\libcr_c.a(__init_alloc.o)
 .ARM.attributes
                0x0000052b       0x31 c:/nxp/lpcxpresso_7.3.0_186/lpcxpresso/tools/bin/../lib/gcc/arm-none-eabi/4.8.4/../../../../arm-none-eabi/lib/armv6-m\libcr_c.a(_cr_sbrk.o)
 .ARM.attributes
                0x0000055c       0x31 c:/nxp/lpcxpresso_7.3.0_186/lpcxpresso/tools/bin/../lib/gcc/arm-none-eabi/4.8.4/../../../../arm-none-eabi/lib/armv6-m\libcr_c.a(_do_fflush.o)
 .ARM.attributes
                0x0000058d       0x31 c:/nxp/lpcxpresso_7.3.0_186/lpcxpresso/tools/bin/../lib/gcc/arm-none-eabi/4.8.4/../../../../arm-none-eabi/lib/armv6-m\libcr_c.a(errno.o)
 .ARM.attributes
                0x000005be       0x31 c:/nxp/lpcxpresso_7.3.0_186/lpcxpresso/tools/bin/../lib/gcc/arm-none-eabi/4.8.4/../../../../arm-none-eabi/lib/armv6-m\libcr_c.a(_cr_check_heap.o)
 .ARM.attributes
                0x000005ef       0x21 c:/nxp/lpcxpresso_7.3.0_186/lpcxpresso/tools/bin/../lib/gcc/arm-none-eabi/4.8.4/armv6-m\libcr_eabihelpers.a(division_32.o)
 .ARM.attributes
                0x00000610       0x21 c:/nxp/lpcxpresso_7.3.0_186/lpcxpresso/tools/bin/../lib/gcc/arm-none-eabi/4.8.4/armv6-m\libcr_eabihelpers.a(division_idiv0.o)
 .ARM.attributes
                0x00000631       0x21 c:/nxp/lpcxpresso_7.3.0_186/lpcxpresso/tools/bin/../lib/gcc/arm-none-eabi/4.8.4/armv6-m\libcr_eabihelpers.a(memcpy.o)
 .ARM.attributes
                0x00000652       0x31 c:/nxp/lpcxpresso_7.3.0_186/lpcxpresso/tools/bin/../lib/gcc/arm-none-eabi/4.8.4/../../../../arm-none-eabi/lib/armv6-m\libcr_nohost.a(__sys_appexit.o)
 .ARM.attributes
                0x00000683       0x31 c:/nxp/lpcxpresso_7.3.0_186/lpcxpresso/tools/bin/../lib/gcc/arm-none-eabi/4.8.4/../../../../arm-none-eabi/lib/armv6-m\libcr_nohost.a(__sys_close.o)
 .ARM.attributes
                0x000006b4       0x31 c:/nxp/lpcxpresso_7.3.0_186/lpcxpresso/tools/bin/../lib/gcc/arm-none-eabi/4.8.4/../../../../arm-none-eabi/lib/armv6-m\libcr_nohost.a(__sys_flen.o)
 .ARM.attributes
                0x000006e5       0x31 c:/nxp/lpcxpresso_7.3.0_186/lpcxpresso/tools/bin/../lib/gcc/arm-none-eabi/4.8.4/../../../../arm-none-eabi/lib/armv6-m\libcr_nohost.a(__sys_istty.o)
 .ARM.attributes
                0x00000716       0x31 c:/nxp/lpcxpresso_7.3.0_186/lpcxpresso/tools/bin/../lib/gcc/arm-none-eabi/4.8.4/../../../../arm-none-eabi/lib/armv6-m\libcr_nohost.a(__sys_remove.o)
 .ARM.attributes
                0x00000747       0x31 c:/nxp/lpcxpresso_7.3.0_186/lpcxpresso/tools/bin/../lib/gcc/arm-none-eabi/4.8.4/../../../../arm-none-eabi/lib/armv6-m\libcr_nohost.a(__sys_seek.o)
 .ARM.attributes
                0x00000778       0x31 c:/nxp/lpcxpresso_7.3.0_186/lpcxpresso/tools/bin/../lib/gcc/arm-none-eabi/4.8.4/../../../../arm-none-eabi/lib/armv6-m\libcr_nohost.a(__sys_tmpnam.o)

.debug_frame    0x00000000      0x5bc
 .debug_frame   0x00000000       0x3c ./example/src/adc_11xx.o
 .debug_frame   0x0000003c       0xb0 ./example/src/cr_startup_lpc11xx.o
 .debug_frame   0x000000ec       0x28 ./example/src/sysinit.o
 .debug_frame   0x00000114       0xe8 C:\Users\Leonid Lezner\Documents\LPC11C24\nxp_lpcxpresso_11c24_board_lib\Debug\libnxp_lpcxpresso_11c24_board_lib.a(board.o)
 .debug_frame   0x000001fc       0x5c C:\Users\Leonid Lezner\Documents\LPC11C24\nxp_lpcxpresso_11c24_board_lib\Debug\libnxp_lpcxpresso_11c24_board_lib.a(board_sysinit.o)
 .debug_frame   0x00000258      0x14c C:\Users\Leonid Lezner\Documents\LPC11C24\lpc_chip_11cxx_lib\Debug\liblpc_chip_11cxx_lib.a(adc_11xx.o)
 .debug_frame   0x000003a4       0x28 C:\Users\Leonid Lezner\Documents\LPC11C24\lpc_chip_11cxx_lib\Debug\liblpc_chip_11cxx_lib.a(chip_11xx.o)
 .debug_frame   0x000003cc       0xf8 C:\Users\Leonid Lezner\Documents\LPC11C24\lpc_chip_11cxx_lib\Debug\liblpc_chip_11cxx_lib.a(clock_11xx.o)
 .debug_frame   0x000004c4       0xa0 C:\Users\Leonid Lezner\Documents\LPC11C24\lpc_chip_11cxx_lib\Debug\liblpc_chip_11cxx_lib.a(gpio_11xx_2.o)
 .debug_frame   0x00000564       0x58 C:\Users\Leonid Lezner\Documents\LPC11C24\lpc_chip_11cxx_lib\Debug\liblpc_chip_11cxx_lib.a(sysctl_11xx.o)
