Archive member included because of file (symbol)

C:\Users\Leonid Lezner\Documents\LPC11C24\nxp_lpcxpresso_11c24_board_lib\Debug\libnxp_lpcxpresso_11c24_board_lib.a(board.o)
                              ./example/src/freertos_blinky.o (Board_LED_Set)
C:\Users\Leonid Lezner\Documents\LPC11C24\nxp_lpcxpresso_11c24_board_lib\Debug\libnxp_lpcxpresso_11c24_board_lib.a(board_sysinit.o)
                              ./example/src/sysinit.o (Board_SystemInit)
C:\Users\Leonid Lezner\Documents\LPC11C24\lpc_chip_11cxx_lib\Debug\liblpc_chip_11cxx_lib.a(chip_11xx.o)
                              ./example/src/freertos_blinky.o (SystemCoreClockUpdate)
C:\Users\Leonid Lezner\Documents\LPC11C24\lpc_chip_11cxx_lib\Debug\liblpc_chip_11cxx_lib.a(clock_11xx.o)
                              C:\Users\Leonid Lezner\Documents\LPC11C24\nxp_lpcxpresso_11c24_board_lib\Debug\libnxp_lpcxpresso_11c24_board_lib.a(board_sysinit.o) (Chip_Clock_SetSystemPLLSource)
C:\Users\Leonid Lezner\Documents\LPC11C24\lpc_chip_11cxx_lib\Debug\liblpc_chip_11cxx_lib.a(gpio_11xx_2.o)
                              C:\Users\Leonid Lezner\Documents\LPC11C24\nxp_lpcxpresso_11c24_board_lib\Debug\libnxp_lpcxpresso_11c24_board_lib.a(board.o) (Chip_GPIO_Init)
C:\Users\Leonid Lezner\Documents\LPC11C24\lpc_chip_11cxx_lib\Debug\liblpc_chip_11cxx_lib.a(sysctl_11xx.o)
                              C:\Users\Leonid Lezner\Documents\LPC11C24\nxp_lpcxpresso_11c24_board_lib\Debug\libnxp_lpcxpresso_11c24_board_lib.a(board_sysinit.o) (Chip_SYSCTL_PowerDown)
C:\Users\Leonid Lezner\Documents\LPC11C24\lpc_chip_11cxx_lib\Debug\liblpc_chip_11cxx_lib.a(uart_11xx.o)
                              C:\Users\Leonid Lezner\Documents\LPC11C24\nxp_lpcxpresso_11c24_board_lib\Debug\libnxp_lpcxpresso_11c24_board_lib.a(board.o) (Chip_UART_Init)
C:\Users\Leonid Lezner\Documents\LPC11C24\lpc_chip_11cxx_lib\Debug\liblpc_chip_11cxx_lib.a(ring_buffer.o)
                              C:\Users\Leonid Lezner\Documents\LPC11C24\lpc_chip_11cxx_lib\Debug\liblpc_chip_11cxx_lib.a(uart_11xx.o) (RingBuffer_Insert)
c:/nxp/lpcxpresso_7.3.0_186/lpcxpresso/tools/bin/../lib/gcc/arm-none-eabi/4.8.4/../../../../arm-none-eabi/lib/armv6-m\libcr_nohost.a(_cr__main.o)
                              ./example/src/cr_startup_lpc11xx.o (__main)
c:/nxp/lpcxpresso_7.3.0_186/lpcxpresso/tools/bin/../lib/gcc/arm-none-eabi/4.8.4/../../../../arm-none-eabi/lib/armv6-m\libcr_c.a(memcpy.o)
                              ./freertos/src/queue.o (memcpy)
c:/nxp/lpcxpresso_7.3.0_186/lpcxpresso/tools/bin/../lib/gcc/arm-none-eabi/4.8.4/../../../../arm-none-eabi/lib/armv6-m\libcr_c.a(memset.o)
                              ./freertos/src/tasks.o (memset)
c:/nxp/lpcxpresso_7.3.0_186/lpcxpresso/tools/bin/../lib/gcc/arm-none-eabi/4.8.4/../../../../arm-none-eabi/lib/armv6-m\libcr_c.a(fpprintf.o)
                              ./freertos/src/tasks.o (sprintf)
c:/nxp/lpcxpresso_7.3.0_186/lpcxpresso/tools/bin/../lib/gcc/arm-none-eabi/4.8.4/../../../../arm-none-eabi/lib/armv6-m\libcr_c.a(initio.o)
                              c:/nxp/lpcxpresso_7.3.0_186/lpcxpresso/tools/bin/../lib/gcc/arm-none-eabi/4.8.4/../../../../arm-none-eabi/lib/armv6-m\libcr_nohost.a(_cr__main.o) (_initio)
c:/nxp/lpcxpresso_7.3.0_186/lpcxpresso/tools/bin/../lib/gcc/arm-none-eabi/4.8.4/../../../../arm-none-eabi/lib/armv6-m\libcr_c.a(memcmp.o)
                              ./freertos/src/tasks.o (memcmp)
c:/nxp/lpcxpresso_7.3.0_186/lpcxpresso/tools/bin/../lib/gcc/arm-none-eabi/4.8.4/../../../../arm-none-eabi/lib/armv6-m\libcr_c.a(printf.o)
                              c:/nxp/lpcxpresso_7.3.0_186/lpcxpresso/tools/bin/../lib/gcc/arm-none-eabi/4.8.4/../../../../arm-none-eabi/lib/armv6-m\libcr_c.a(fpprintf.o) (__vfprintf)
c:/nxp/lpcxpresso_7.3.0_186/lpcxpresso/tools/bin/../lib/gcc/arm-none-eabi/4.8.4/../../../../arm-none-eabi/lib/armv6-m\libcr_c.a(setvbuf.o)
                              c:/nxp/lpcxpresso_7.3.0_186/lpcxpresso/tools/bin/../lib/gcc/arm-none-eabi/4.8.4/../../../../arm-none-eabi/lib/armv6-m\libcr_c.a(initio.o) (setvbuf)
c:/nxp/lpcxpresso_7.3.0_186/lpcxpresso/tools/bin/../lib/gcc/arm-none-eabi/4.8.4/../../../../arm-none-eabi/lib/armv6-m\libcr_c.a(stdio.o)
                              c:/nxp/lpcxpresso_7.3.0_186/lpcxpresso/tools/bin/../lib/gcc/arm-none-eabi/4.8.4/../../../../arm-none-eabi/lib/armv6-m\libcr_c.a(fpprintf.o) (__Ciob)
c:/nxp/lpcxpresso_7.3.0_186/lpcxpresso/tools/bin/../lib/gcc/arm-none-eabi/4.8.4/../../../../arm-none-eabi/lib/armv6-m\libcr_c.a(strcat.o)
                              ./freertos/src/tasks.o (strcat)
c:/nxp/lpcxpresso_7.3.0_186/lpcxpresso/tools/bin/../lib/gcc/arm-none-eabi/4.8.4/../../../../arm-none-eabi/lib/armv6-m\libcr_c.a(strlen.o)
                              c:/nxp/lpcxpresso_7.3.0_186/lpcxpresso/tools/bin/../lib/gcc/arm-none-eabi/4.8.4/../../../../arm-none-eabi/lib/armv6-m\libcr_c.a(printf.o) (strlen)
[...]
Memory Configuration

Name             Origin             Length             Attributes
MFlash32         0x00000000         0x00008000         xr
RamLoc8          0x10000000         0x00002000         xrw
*default*        0x00000000         0xffffffff

Linker script and memory map

LOAD ./freertos/src/FreeRTOSCommonHooks.o
LOAD ./freertos/src/croutine.o
LOAD ./freertos/src/heap_1.o
LOAD ./freertos/src/list.o
LOAD ./freertos/src/port.o
LOAD ./freertos/src/queue.o
LOAD ./freertos/src/tasks.o
LOAD ./freertos/src/timers.o
LOAD ./example/src/cr_startup_lpc11xx.o
LOAD ./example/src/freertos_blinky.o
LOAD ./example/src/sysinit.o
LOAD C:\Users\Leonid Lezner\Documents\LPC11C24\nxp_lpcxpresso_11c24_board_lib\Debug\libnxp_lpcxpresso_11c24_board_lib.a
LOAD C:\Users\Leonid Lezner\Documents\LPC11C24\lpc_chip_11cxx_lib\Debug\liblpc_chip_11cxx_lib.a
START GROUP
LOAD c:/nxp/lpcxpresso_7.3.0_186/lpcxpresso/tools/bin/../lib/gcc/arm-none-eabi/4.8.4/../../../../arm-none-eabi/lib/armv6-m\libcr_nohost.a
LOAD c:/nxp/lpcxpresso_7.3.0_186/lpcxpresso/tools/bin/../lib/gcc/arm-none-eabi/4.8.4/../../../../arm-none-eabi/lib/armv6-m\libcr_c.a
LOAD c:/nxp/lpcxpresso_7.3.0_186/lpcxpresso/tools/bin/../lib/gcc/arm-none-eabi/4.8.4/armv6-m\libcr_eabihelpers.a
END GROUP
                0x00008000                __top_MFlash32 = 0x8000
                0x10002000                __top_RamLoc8 = 0x10002000

.text           0x00000000     0x1588
 FILL mask 0xff
                0x00000000                __vectors_start__ = ABSOLUTE (.)
 *(.isr_vector)
 .isr_vector    0x00000000       0xc0 ./example/src/cr_startup_lpc11xx.o
                0x00000000                g_pfnVectors
                0x000000c0                . = ALIGN (0x4)
                0x000000c0                __section_table_start = .
                0x000000c0                __data_section_table = .
                0x000000c0        0x4 LONG 0x1588 LOADADDR (.data)
                0x000000c4        0x4 LONG 0x10000000 ADDR (.data)
                0x000000c8        0x4 LONG 0x8 SIZEOF (.data)
                0x000000cc                __data_section_table_end = .
                0x000000cc                __bss_section_table = .
                0x000000cc        0x4 LONG 0x10000008 ADDR (.bss)
                0x000000d0        0x4 LONG 0x898 SIZEOF (.bss)
                0x000000d4                __bss_section_table_end = .
                0x000000d4                __section_table_end = .
 *(.after_vectors*)
 .after_vectors
                0x000000d4       0x70 ./example/src/cr_startup_lpc11xx.o
                0x000000d4                NMI_Handler
                0x000000d6                HardFault_Handler
                0x000000de                TIMER16_0_IRQHandler
                0x000000de                UART_IRQHandler
                0x000000de                TIMER32_0_IRQHandler
                0x000000de                WDT_IRQHandler
                0x000000de                TIMER32_1_IRQHandler
                0x000000de                IntDefaultHandler
                0x000000de                PIOINT1_IRQHandler
                0x000000de                CAN_IRQHandler
                0x000000de                SSP0_IRQHandler
                0x000000de                PIOINT3_IRQHandler
                0x000000de                TIMER16_1_IRQHandler
                0x000000de                ADC_IRQHandler
                0x000000de                SSP1_IRQHandler
                0x000000de                PIOINT2_IRQHandler
                0x000000de                BOD_IRQHandler
                0x000000de                WAKEUP_IRQHandler
                0x000000de                PIOINT0_IRQHandler
                0x000000de                I2C_IRQHandler
                0x000000e0                data_init
                0x000000f2                bss_init
                0x00000102                ResetISR
 *(.text*)
 .text.vApplicationMallocFailedHook
                0x00000144        0x4 ./freertos/src/FreeRTOSCommonHooks.o
                0x00000144                vApplicationMallocFailedHook
 .text.vApplicationIdleHook
                0x00000148        0x4 ./freertos/src/FreeRTOSCommonHooks.o
                0x00000148                vApplicationIdleHook
 .text.vApplicationStackOverflowHook
                0x0000014c        0x4 ./freertos/src/FreeRTOSCommonHooks.o
                0x0000014c                vApplicationStackOverflowHook
 .text.pvPortMalloc
                0x00000150       0x68 ./freertos/src/heap_1.o
                0x00000150                pvPortMalloc
 .text.vPortFree
                0x000001b8        0xc ./freertos/src/heap_1.o
                0x000001b8                vPortFree
 .text.vListInitialise
                0x000001c4       0x18 ./freertos/src/list.o
                0x000001c4                vListInitialise
 .text.vListInitialiseItem
                0x000001dc        0x8 ./freertos/src/list.o
                0x000001dc                vListInitialiseItem
 .text.vListInsertEnd
                0x000001e4       0x1c ./freertos/src/list.o
                0x000001e4                vListInsertEnd
 .text.vListInsert
                0x00000200       0x30 ./freertos/src/list.o
                0x00000200                vListInsert
 .text.uxListRemove
                0x00000230       0x28 ./freertos/src/list.o
                0x00000230                uxListRemove
 .text.vPortStartFirstTask
                0x00000258       0x10 ./freertos/src/port.o
 .text.prvSetupTimerInterrupt
                0x00000268       0x28 ./freertos/src/port.o
 .text.pxPortInitialiseStack
                0x00000290       0x18 ./freertos/src/port.o
                0x00000290                pxPortInitialiseStack
 .text.SVC_Handler
                0x000002a8       0x28 ./freertos/src/port.o
                0x000002a8                SVC_Handler
 .text.xPortStartScheduler
                0x000002d0       0x34 ./freertos/src/port.o
                0x000002d0                xPortStartScheduler
 .text.vPortYield
                0x00000304       0x18 ./freertos/src/port.o
                0x00000304                vPortYield
 .text.vPortEnterCritical
                0x0000031c       0x18 ./freertos/src/port.o
                0x0000031c                vPortEnterCritical
 .text.vPortExitCritical
                0x00000334       0x14 ./freertos/src/port.o
                0x00000334                vPortExitCritical
 .text.PendSV_Handler
                0x00000348       0x44 ./freertos/src/port.o
                0x00000348                PendSV_Handler
 .text.SysTick_Handler
                0x0000038c       0x18 ./freertos/src/port.o
                0x0000038c                SysTick_Handler
 .text.prvDeleteTCB
                0x000003a4       0x14 ./freertos/src/tasks.o
 .text.prvAllocateTCBAndStack
                0x000003b8       0x3c ./freertos/src/tasks.o
 .text.prvInitialiseTCBVariables
                0x000003f4       0x38 ./freertos/src/tasks.o
 .text.prvInitialiseTaskLists
                0x0000042c       0x68 ./freertos/src/tasks.o
 .text.prvAddCurrentTaskToDelayedList
                0x00000494       0x54 ./freertos/src/tasks.o
 .text.xTaskGenericCreate
                0x000004e8      0x134 ./freertos/src/tasks.o
                0x000004e8                xTaskGenericCreate
 .text.vTaskStartScheduler
                0x0000061c       0x4c ./freertos/src/tasks.o
                0x0000061c                vTaskStartScheduler
 .text.vTaskSuspendAll
                0x00000668       0x10 ./freertos/src/tasks.o
                0x00000668                vTaskSuspendAll
 .text.vTaskIncrementTick
                0x00000678      0x100 ./freertos/src/tasks.o
                0x00000678                vTaskIncrementTick
 .text.xTaskResumeAll
                0x00000778       0xe4 ./freertos/src/tasks.o
                0x00000778                xTaskResumeAll
 .text.vTaskDelay
                0x0000085c       0x3c ./freertos/src/tasks.o
                0x0000085c                vTaskDelay
 .text.prvCheckTasksWaitingTermination
                0x00000898       0x54 ./freertos/src/tasks.o
 .text.prvIdleTask
                0x000008ec       0x1c ./freertos/src/tasks.o
 .text.vTaskSwitchContext
                0x00000908       0xb8 ./freertos/src/tasks.o
                0x00000908                vTaskSwitchContext
 .text.vLEDTask0
                0x000009c0       0x20 ./example/src/freertos_blinky.o
 .text.vLEDTask2
                0x000009e0       0x20 ./example/src/freertos_blinky.o
 .text.vLEDTask1
                0x00000a00       0x20 ./example/src/freertos_blinky.o
 .text.prvSetupHardware
                0x00000a20        0xc ./example/src/freertos_blinky.o
 .text.main     0x00000a2c       0x6c ./example/src/freertos_blinky.o
                0x00000a2c                main
 .text.SystemInit
                0x00000a98        0x8 ./example/src/sysinit.o
                0x00000a98                SystemInit
 .text.Board_LED_Init
                0x00000aa0       0x14 C:\Users\Leonid Lezner\Documents\LPC11C24\nxp_lpcxpresso_11c24_board_lib\Debug\libnxp_lpcxpresso_11c24_board_lib.a(board.o)
 .text.__sys_write
                0x00000ab4        0x4 C:\Users\Leonid Lezner\Documents\LPC11C24\nxp_lpcxpresso_11c24_board_lib\Debug\libnxp_lpcxpresso_11c24_board_lib.a(board.o)
                0x00000ab4                __sys_write
 .text.Board_LED_Set
                0x00000ab8       0x14 C:\Users\Leonid Lezner\Documents\LPC11C24\nxp_lpcxpresso_11c24_board_lib\Debug\libnxp_lpcxpresso_11c24_board_lib.a(board.o)
                0x00000ab8                Board_LED_Set
 .text.Board_Init
                0x00000acc       0x10 C:\Users\Leonid Lezner\Documents\LPC11C24\nxp_lpcxpresso_11c24_board_lib\Debug\libnxp_lpcxpresso_11c24_board_lib.a(board.o)
                0x00000acc                Board_Init
 .text.SystemSetupMuxing
                0x00000adc       0x38 C:\Users\Leonid Lezner\Documents\LPC11C24\nxp_lpcxpresso_11c24_board_lib\Debug\libnxp_lpcxpresso_11c24_board_lib.a(board_sysinit.o)
 .text.SystemSetupClocking
                0x00000b14       0x64 C:\Users\Leonid Lezner\Documents\LPC11C24\nxp_lpcxpresso_11c24_board_lib\Debug\libnxp_lpcxpresso_11c24_board_lib.a(board_sysinit.o)
 .text.Board_SystemInit
                0x00000b78        0xc C:\Users\Leonid Lezner\Documents\LPC11C24\nxp_lpcxpresso_11c24_board_lib\Debug\libnxp_lpcxpresso_11c24_board_lib.a(board_sysinit.o)
                0x00000b78                Board_SystemInit
 .text.SystemCoreClockUpdate
                0x00000b84       0x10 C:\Users\Leonid Lezner\Documents\LPC11C24\lpc_chip_11cxx_lib\Debug\liblpc_chip_11cxx_lib.a(chip_11xx.o)
                0x00000b84                SystemCoreClockUpdate
 .text.Chip_Clock_GetWDTLFORate
                0x00000b94       0x20 C:\Users\Leonid Lezner\Documents\LPC11C24\lpc_chip_11cxx_lib\Debug\liblpc_chip_11cxx_lib.a(clock_11xx.o)
 .text.Chip_Clock_GetPLLFreq
                0x00000bb4        0xc C:\Users\Leonid Lezner\Documents\LPC11C24\lpc_chip_11cxx_lib\Debug\liblpc_chip_11cxx_lib.a(clock_11xx.o)
 .text.Chip_Clock_SetSystemPLLSource
                0x00000bc0       0x14 C:\Users\Leonid Lezner\Documents\LPC11C24\lpc_chip_11cxx_lib\Debug\liblpc_chip_11cxx_lib.a(clock_11xx.o)
                0x00000bc0                Chip_Clock_SetSystemPLLSource
 .text.Chip_Clock_SetMainClockSource
                0x00000bd4       0x14 C:\Users\Leonid Lezner\Documents\LPC11C24\lpc_chip_11cxx_lib\Debug\liblpc_chip_11cxx_lib.a(clock_11xx.o)
                0x00000bd4                Chip_Clock_SetMainClockSource
 .text.Chip_Clock_GetWDTOSCRate
                0x00000be8       0x10 C:\Users\Leonid Lezner\Documents\LPC11C24\lpc_chip_11cxx_lib\Debug\liblpc_chip_11cxx_lib.a(clock_11xx.o)
                0x00000be8                Chip_Clock_GetWDTOSCRate
 .text.Chip_Clock_GetSystemPLLInClockRate
                0x00000bf8       0x2c C:\Users\Leonid Lezner\Documents\LPC11C24\lpc_chip_11cxx_lib\Debug\liblpc_chip_11cxx_lib.a(clock_11xx.o)
                0x00000bf8                Chip_Clock_GetSystemPLLInClockRate
 .text.Chip_Clock_GetSystemPLLOutClockRate
                0x00000c24       0x18 C:\Users\Leonid Lezner\Documents\LPC11C24\lpc_chip_11cxx_lib\Debug\liblpc_chip_11cxx_lib.a(clock_11xx.o)
                0x00000c24                Chip_Clock_GetSystemPLLOutClockRate
 .text.Chip_Clock_GetMainClockRate
                0x00000c3c       0x40 C:\Users\Leonid Lezner\Documents\LPC11C24\lpc_chip_11cxx_lib\Debug\liblpc_chip_11cxx_lib.a(clock_11xx.o)
                0x00000c3c                Chip_Clock_GetMainClockRate
 .text.Chip_Clock_GetSystemClockRate
                0x00000c7c       0x14 C:\Users\Leonid Lezner\Documents\LPC11C24\lpc_chip_11cxx_lib\Debug\liblpc_chip_11cxx_lib.a(clock_11xx.o)
                0x00000c7c                Chip_Clock_GetSystemClockRate
 .text.Chip_GPIO_Init
                0x00000c90       0x14 C:\Users\Leonid Lezner\Documents\LPC11C24\lpc_chip_11cxx_lib\Debug\liblpc_chip_11cxx_lib.a(gpio_11xx_2.o)
                0x00000c90                Chip_GPIO_Init
 .text.Chip_SYSCTL_PowerDown
                0x00000ca4       0x1c C:\Users\Leonid Lezner\Documents\LPC11C24\lpc_chip_11cxx_lib\Debug\liblpc_chip_11cxx_lib.a(sysctl_11xx.o)
                0x00000ca4                Chip_SYSCTL_PowerDown
 .text.Chip_SYSCTL_PowerUp
                0x00000cc0       0x24 C:\Users\Leonid Lezner\Documents\LPC11C24\lpc_chip_11cxx_lib\Debug\liblpc_chip_11cxx_lib.a(sysctl_11xx.o)
                0x00000cc0                Chip_SYSCTL_PowerUp
 .text.__main   0x00000ce4       0x12 c:/nxp/lpcxpresso_7.3.0_186/lpcxpresso/tools/bin/../lib/gcc/arm-none-eabi/4.8.4/../../../../arm-none-eabi/lib/armv6-m\libcr_nohost.a(_cr__main.o)
                0x00000ce4                __main
 .text.memset   0x00000cf6        0x8 c:/nxp/lpcxpresso_7.3.0_186/lpcxpresso/tools/bin/../lib/gcc/arm-none-eabi/4.8.4/../../../../arm-none-eabi/lib/armv6-m\libcr_c.a(memset.o)
                0x00000cf6                memset
 *fill*         0x00000cfe        0x2 
 .text._initio  0x00000d00       0xa4 c:/nxp/lpcxpresso_7.3.0_186/lpcxpresso/tools/bin/../lib/gcc/arm-none-eabi/4.8.4/../../../../arm-none-eabi/lib/armv6-m\libcr_c.a(initio.o)
                0x00000d00                _initio
 .text.memcmp   0x00000da4       0x3a c:/nxp/lpcxpresso_7.3.0_186/lpcxpresso/tools/bin/../lib/gcc/arm-none-eabi/4.8.4/../../../../arm-none-eabi/lib/armv6-m\libcr_c.a(memcmp.o)
                0x00000da4                memcmp
 *fill*         0x00000dde        0x2 
 .text.setvbuf  0x00000de0       0x48 c:/nxp/lpcxpresso_7.3.0_186/lpcxpresso/tools/bin/../lib/gcc/arm-none-eabi/4.8.4/../../../../arm-none-eabi/lib/armv6-m\libcr_c.a(setvbuf.o)
                0x00000de0                setvbuf
 .text.strlen   0x00000e28       0x54 c:/nxp/lpcxpresso_7.3.0_186/lpcxpresso/tools/bin/../lib/gcc/arm-none-eabi/4.8.4/../../../../arm-none-eabi/lib/armv6-m\libcr_c.a(strlen.o)
                0x00000e28                strlen
 .text.strncpy  0x00000e7c       0x58 c:/nxp/lpcxpresso_7.3.0_186/lpcxpresso/tools/bin/../lib/gcc/arm-none-eabi/4.8.4/../../../../arm-none-eabi/lib/armv6-m\libcr_c.a(strncpy.o)
                0x00000e7c                strncpy
 .text._deferredlazyseek
                0x00000ed4       0x44 c:/nxp/lpcxpresso_7.3.0_186/lpcxpresso/tools/bin/../lib/gcc/arm-none-eabi/4.8.4/../../../../arm-none-eabi/lib/armv6-m\libcr_c.a(_deferredlazyseek.o)
                0x00000ed4                _deferredlazyseek
 .text._fdopen  0x00000f18       0x68 c:/nxp/lpcxpresso_7.3.0_186/lpcxpresso/tools/bin/../lib/gcc/arm-none-eabi/4.8.4/../../../../arm-none-eabi/lib/armv6-m\libcr_c.a(_fdopen.o)
                0x00000f18                _fdopen
 .text._fflush  0x00000f80       0x64 c:/nxp/lpcxpresso_7.3.0_186/lpcxpresso/tools/bin/../lib/gcc/arm-none-eabi/4.8.4/../../../../arm-none-eabi/lib/armv6-m\libcr_c.a(_fflush.o)
                0x00000f80                _fflush
 .text._Cwritebuf
                0x00000fe4       0x6c c:/nxp/lpcxpresso_7.3.0_186/lpcxpresso/tools/bin/../lib/gcc/arm-none-eabi/4.8.4/../../../../arm-none-eabi/lib/armv6-m\libcr_c.a(_writebuf.o)
                0x00000fe4                _Cwritebuf
 .text.malloc   0x00001050       0xc0 c:/nxp/lpcxpresso_7.3.0_186/lpcxpresso/tools/bin/../lib/gcc/arm-none-eabi/4.8.4/../../../../arm-none-eabi/lib/armv6-m\libcr_c.a(alloc.o)
                0x00001050                malloc
 .text.free     0x00001110        0xe c:/nxp/lpcxpresso_7.3.0_186/lpcxpresso/tools/bin/../lib/gcc/arm-none-eabi/4.8.4/../../../../arm-none-eabi/lib/armv6-m\libcr_c.a(alloc.o)
                0x00001110                free
 *fill*         0x0000111e        0x2 
 .text._Csys_alloc
                0x00001120       0x20 c:/nxp/lpcxpresso_7.3.0_186/lpcxpresso/tools/bin/../lib/gcc/arm-none-eabi/4.8.4/../../../../arm-none-eabi/lib/armv6-m\libcr_c.a(alloc.o)
                0x00001120                _Csys_alloc
 .text.fclose   0x00001140       0x70 c:/nxp/lpcxpresso_7.3.0_186/lpcxpresso/tools/bin/../lib/gcc/arm-none-eabi/4.8.4/../../../../arm-none-eabi/lib/armv6-m\libcr_c.a(fclose.o)
                0x00001140                fclose
 .text.fflush   0x000011b0       0x34 c:/nxp/lpcxpresso_7.3.0_186/lpcxpresso/tools/bin/../lib/gcc/arm-none-eabi/4.8.4/../../../../arm-none-eabi/lib/armv6-m\libcr_c.a(fflush.o)
                0x000011b0                fflush
 .text.fseek    0x000011e4       0xf8 c:/nxp/lpcxpresso_7.3.0_186/lpcxpresso/tools/bin/../lib/gcc/arm-none-eabi/4.8.4/../../../../arm-none-eabi/lib/armv6-m\libcr_c.a(fseek.o)
                0x000011e4                fseek
 .text.ftell    0x000012dc       0x4c c:/nxp/lpcxpresso_7.3.0_186/lpcxpresso/tools/bin/../lib/gcc/arm-none-eabi/4.8.4/../../../../arm-none-eabi/lib/armv6-m\libcr_c.a(ftell.o)
                0x000012dc                ftell
 .text.remove   0x00001328       0x12 c:/nxp/lpcxpresso_7.3.0_186/lpcxpresso/tools/bin/../lib/gcc/arm-none-eabi/4.8.4/../../../../arm-none-eabi/lib/armv6-m\libcr_c.a(remove.o)
                0x00001328                remove
 *fill*         0x0000133a        0x2 
 .text._sbrk    0x0000133c       0x40 c:/nxp/lpcxpresso_7.3.0_186/lpcxpresso/tools/bin/../lib/gcc/arm-none-eabi/4.8.4/../../../../arm-none-eabi/lib/armv6-m\libcr_c.a(_cr_sbrk.o)
                0x0000133c                _sbrk
 .text._do_fflush
                0x0000137c       0x48 c:/nxp/lpcxpresso_7.3.0_186/lpcxpresso/tools/bin/../lib/gcc/arm-none-eabi/4.8.4/../../../../arm-none-eabi/lib/armv6-m\libcr_c.a(_do_fflush.o)
                0x0000137c                _do_fflush
 .text.__check_heap_overflow
                0x000013c4       0x18 c:/nxp/lpcxpresso_7.3.0_186/lpcxpresso/tools/bin/../lib/gcc/arm-none-eabi/4.8.4/../../../../arm-none-eabi/lib/armv6-m\libcr_c.a(_cr_check_heap.o)
                0x000013c4                __check_heap_overflow
 .text.__aeabi_division_idivmod
                0x000013dc       0x78 c:/nxp/lpcxpresso_7.3.0_186/lpcxpresso/tools/bin/../lib/gcc/arm-none-eabi/4.8.4/armv6-m\libcr_eabihelpers.a(division_32.o)
                0x000013dc                __aeabi_idivmod
                0x000013dc                __aeabi_idiv
                0x000013e2                __aeabi_uidivmod
                0x000013e2                __aeabi_uidiv
 .text.__aeabi_division_idiv0
                0x00001454        0x2 c:/nxp/lpcxpresso_7.3.0_186/lpcxpresso/tools/bin/../lib/gcc/arm-none-eabi/4.8.4/armv6-m\libcr_eabihelpers.a(division_idiv0.o)
                0x00001454                __aeabi_idiv0
 .text.__aeabi_memset_lowlevel
                0x00001456       0x2a c:/nxp/lpcxpresso_7.3.0_186/lpcxpresso/tools/bin/../lib/gcc/arm-none-eabi/4.8.4/armv6-m\libcr_eabihelpers.a(memcpy.o)
                0x00001456                __aeabi_lowlevel_memset
 .text.__sys_appexit
                0x00001480        0x2 c:/nxp/lpcxpresso_7.3.0_186/lpcxpresso/tools/bin/../lib/gcc/arm-none-eabi/4.8.4/../../../../arm-none-eabi/lib/armv6-m\libcr_nohost.a(__sys_appexit.o)
                0x00001480                __sys_appexit
                0x00001480                __exit
 .text.__sys_close
                0x00001482        0x6 c:/nxp/lpcxpresso_7.3.0_186/lpcxpresso/tools/bin/../lib/gcc/arm-none-eabi/4.8.4/../../../../arm-none-eabi/lib/armv6-m\libcr_nohost.a(__sys_close.o)
                0x00001482                __sys_close
 .text.__sys_flen
                0x00001488        0x6 c:/nxp/lpcxpresso_7.3.0_186/lpcxpresso/tools/bin/../lib/gcc/arm-none-eabi/4.8.4/../../../../arm-none-eabi/lib/armv6-m\libcr_nohost.a(__sys_flen.o)
                0x00001488                __sys_flen
 .text.__sys_istty
                0x0000148e        0x6 c:/nxp/lpcxpresso_7.3.0_186/lpcxpresso/tools/bin/../lib/gcc/arm-none-eabi/4.8.4/../../../../arm-none-eabi/lib/armv6-m\libcr_nohost.a(__sys_istty.o)
                0x0000148e                __sys_istty
 .text.__sys_remove
                0x00001494        0x6 c:/nxp/lpcxpresso_7.3.0_186/lpcxpresso/tools/bin/../lib/gcc/arm-none-eabi/4.8.4/../../../../arm-none-eabi/lib/armv6-m\libcr_nohost.a(__sys_remove.o)
                0x00001494                __sys_remove
 .text.__sys_seek
                0x0000149a        0x6 c:/nxp/lpcxpresso_7.3.0_186/lpcxpresso/tools/bin/../lib/gcc/arm-none-eabi/4.8.4/../../../../arm-none-eabi/lib/armv6-m\libcr_nohost.a(__sys_seek.o)
                0x0000149a                __sys_seek
 .text.__sys_tmpnam
                0x000014a0        0x6 c:/nxp/lpcxpresso_7.3.0_186/lpcxpresso/tools/bin/../lib/gcc/arm-none-eabi/4.8.4/../../../../arm-none-eabi/lib/armv6-m\libcr_nohost.a(__sys_tmpnam.o)
                0x000014a0                __sys_tmpnam
 *(.rodata .rodata.* .constdata .constdata.*)
 *fill*         0x000014a6        0x2 
 .rodata.str1.4
                0x000014a8       0x1f ./freertos/src/tasks.o
                                 0x20 (size before relaxing)
 *fill*         0x000014c7        0x1 
 .rodata.ucExpectedStackBytes.6464
                0x000014c8       0x14 ./freertos/src/tasks.o
 .rodata.str1.4
                0x000014dc       0x24 ./example/src/freertos_blinky.o
 .rodata.OscRateIn
                0x00001500        0x4 C:\Users\Leonid Lezner\Documents\LPC11C24\nxp_lpcxpresso_11c24_board_lib\Debug\libnxp_lpcxpresso_11c24_board_lib.a(board.o)
                0x00001500                OscRateIn
 .rodata.pinmuxing
                0x00001504       0x28 C:\Users\Leonid Lezner\Documents\LPC11C24\nxp_lpcxpresso_11c24_board_lib\Debug\libnxp_lpcxpresso_11c24_board_lib.a(board_sysinit.o)
 .rodata.wdtOSCRate
                0x0000152c       0x40 C:\Users\Leonid Lezner\Documents\LPC11C24\lpc_chip_11cxx_lib\Debug\liblpc_chip_11cxx_lib.a(clock_11xx.o)
 .rodata.str1.1
                0x0000156c        0x4 c:/nxp/lpcxpresso_7.3.0_186/lpcxpresso/tools/bin/../lib/gcc/arm-none-eabi/4.8.4/../../../../arm-none-eabi/lib/armv6-m\libcr_c.a(initio.o)
 .rodata.str1.1
                0x00001570       0x18 c:/nxp/lpcxpresso_7.3.0_186/lpcxpresso/tools/bin/../lib/gcc/arm-none-eabi/4.8.4/../../../../arm-none-eabi/lib/armv6-m\libcr_c.a(alloc.o)
                0x00001588                . = ALIGN (0x4)

.glue_7         0x00001588        0x0
 .glue_7        0x00000000        0x0 linker stubs

.glue_7t        0x00001588        0x0
 .glue_7t       0x00000000        0x0 linker stubs

.vfp11_veneer   0x00001588        0x0
 .vfp11_veneer  0x00000000        0x0 linker stubs

.v4_bx          0x00001588        0x0
 .v4_bx         0x00000000        0x0 linker stubs

.iplt           0x00001588        0x0
 .iplt          0x00000000        0x0 ./freertos/src/FreeRTOSCommonHooks.o

.rel.dyn        0x00001588        0x0
 .rel.iplt      0x00000000        0x0 ./freertos/src/FreeRTOSCommonHooks.o

.ARM.extab
 *(.ARM.extab* .gnu.linkonce.armextab.*)
                0x00001588                __exidx_start = .

.ARM.exidx
 *(.ARM.exidx* .gnu.linkonce.armexidx.*)
                0x00001588                __exidx_end = .
                0x00001588                _etext = .

.uninit_RESERVED
                0x10000000        0x0
 *(.bss.$RESERVED*)
                0x10000000                . = ALIGN (0x4)
                0x10000000                _end_uninit_RESERVED = .

.data           0x10000000        0x8 load address 0x00001588
 FILL mask 0xff
                0x10000000                _data = .
 *(vtable)
 *(.ramfunc*)
 *(.data*)
 .data.uxCriticalNesting
                0x10000000        0x4 ./freertos/src/port.o
 .data.xNextTaskUnblockTime
                0x10000004        0x4 ./freertos/src/tasks.o
                0x10000008                . = ALIGN (0x4)
                0x10000008                _edata = .

.igot.plt       0x10000008        0x0 load address 0x00001590
 .igot.plt      0x00000000        0x0 ./freertos/src/FreeRTOSCommonHooks.o

.bss            0x10000008      0x898 load address 0x00001590
                0x10000008                _bss = .
 *(.bss*)
 .bss.xNextFreeByte
                0x10000008        0x4 ./freertos/src/heap_1.o
 .bss.pucAlignedHeap.6187
                0x1000000c        0x4 ./freertos/src/heap_1.o
 .bss.ucHeap    0x10000010      0x600 ./freertos/src/heap_1.o
 .bss.uxMissedTicks
                0x10000610        0x4 ./freertos/src/tasks.o
 .bss.pxDelayedTaskList
                0x10000614        0x4 ./freertos/src/tasks.o
 .bss.xSchedulerRunning
                0x10000618        0x4 ./freertos/src/tasks.o
 .bss.uxTasksDeleted
                0x1000061c        0x4 ./freertos/src/tasks.o
 .bss.xTasksWaitingTermination
                0x10000620       0x14 ./freertos/src/tasks.o
 .bss.uxTopReadyPriority
                0x10000634        0x4 ./freertos/src/tasks.o
 .bss.pxReadyTasksLists
                0x10000638       0xa0 ./freertos/src/tasks.o
 .bss.uxSchedulerSuspended
                0x100006d8        0x4 ./freertos/src/tasks.o
 .bss.uxCurrentNumberOfTasks
                0x100006dc        0x4 ./freertos/src/tasks.o
 .bss.pxCurrentTCB
                0x100006e0        0x4 ./freertos/src/tasks.o
                0x100006e0                pxCurrentTCB
 .bss.xPendingReadyList
                0x100006e4       0x14 ./freertos/src/tasks.o
 .bss.xNumOfOverflows
                0x100006f8        0x4 ./freertos/src/tasks.o
 .bss.xTickCount
                0x100006fc        0x4 ./freertos/src/tasks.o
 .bss.pxOverflowDelayedTaskList
                0x10000700        0x4 ./freertos/src/tasks.o
 .bss.uxTaskNumber
                0x10000704        0x4 ./freertos/src/tasks.o
 .bss.xDelayedTaskList1
                0x10000708       0x14 ./freertos/src/tasks.o
 .bss.xDelayedTaskList2
                0x1000071c       0x14 ./freertos/src/tasks.o
 .bss.xMissedYield
                0x10000730        0x4 ./freertos/src/tasks.o
 .bss.xSuspendedTaskList
                0x10000734       0x14 ./freertos/src/tasks.o
 .bss.uxTopUsedPriority
                0x10000748        0x4 ./freertos/src/tasks.o
 .bss.errno     0x1000074c        0x4 c:/nxp/lpcxpresso_7.3.0_186/lpcxpresso/tools/bin/../lib/gcc/arm-none-eabi/4.8.4/../../../../arm-none-eabi/lib/armv6-m\libcr_c.a(errno.o)
                0x1000074c                errno
 *(COMMON)
 COMMON         0x10000750        0x4 C:\Users\Leonid Lezner\Documents\LPC11C24\lpc_chip_11cxx_lib\Debug\liblpc_chip_11cxx_lib.a(chip_11xx.o)
                0x10000750                SystemCoreClock
 COMMON         0x10000754        0x4 c:/nxp/lpcxpresso_7.3.0_186/lpcxpresso/tools/bin/../lib/gcc/arm-none-eabi/4.8.4/../../../../arm-none-eabi/lib/armv6-m\libcr_c.a(initio.o)
                0x10000754                _extra
 COMMON         0x10000758      0x140 c:/nxp/lpcxpresso_7.3.0_186/lpcxpresso/tools/bin/../lib/gcc/arm-none-eabi/4.8.4/../../../../arm-none-eabi/lib/armv6-m\libcr_c.a(stdio.o)
                0x10000758                __Ciob
 COMMON         0x10000898        0x8 c:/nxp/lpcxpresso_7.3.0_186/lpcxpresso/tools/bin/../lib/gcc/arm-none-eabi/4.8.4/../../../../arm-none-eabi/lib/armv6-m\libcr_c.a(__init_alloc.o)
                0x10000898                __heaps
                0x1000089c                __end_of_heap
                0x100008a0                . = ALIGN (0x4)
                0x100008a0                _ebss = .
                0x100008a0                PROVIDE (end, .)

.noinit         0x100008a0        0x0 load address 0x00001590
                0x100008a0                _noinit = .
 *(.noinit*)
                0x100008a0                . = ALIGN (0x4)
                0x100008a0                _end_noinit = .
                0x100008a0                PROVIDE (_pvHeapStart, .)
                0x10002000                PROVIDE (_vStackTop, (__top_RamLoc8 - 0x0))
OUTPUT(nxp_lpcxpresso_11c24_freertos_blinky.axf elf32-littlearm)

.debug_info     0x00000000     0x5972
 .debug_info    0x00000000      0x1c4 ./freertos/src/FreeRTOSCommonHooks.o
 .debug_info    0x000001c4      0x1c9 ./freertos/src/heap_1.o
 .debug_info    0x0000038d      0x2b5 ./freertos/src/list.o
 .debug_info    0x00000642      0x220 ./freertos/src/port.o
 .debug_info    0x00000862     0x1900 ./freertos/src/tasks.o
 .debug_info    0x00002162      0x252 ./example/src/cr_startup_lpc11xx.o
 .debug_info    0x000023b4      0x409 ./example/src/freertos_blinky.o
 .debug_info    0x000027bd       0xcd ./example/src/sysinit.o
 .debug_info    0x0000288a      0xa0b C:\Users\Leonid Lezner\Documents\LPC11C24\nxp_lpcxpresso_11c24_board_lib\Debug\libnxp_lpcxpresso_11c24_board_lib.a(board.o)
 .debug_info    0x00003295      0xb45 C:\Users\Leonid Lezner\Documents\LPC11C24\nxp_lpcxpresso_11c24_board_lib\Debug\libnxp_lpcxpresso_11c24_board_lib.a(board_sysinit.o)
 .debug_info    0x00003dda       0xdc C:\Users\Leonid Lezner\Documents\LPC11C24\lpc_chip_11cxx_lib\Debug\liblpc_chip_11cxx_lib.a(chip_11xx.o)
 .debug_info    0x00003eb6      0x8c2 C:\Users\Leonid Lezner\Documents\LPC11C24\lpc_chip_11cxx_lib\Debug\liblpc_chip_11cxx_lib.a(clock_11xx.o)
 .debug_info    0x00004778      0xc71 C:\Users\Leonid Lezner\Documents\LPC11C24\lpc_chip_11cxx_lib\Debug\liblpc_chip_11cxx_lib.a(gpio_11xx_2.o)
 .debug_info    0x000053e9      0x589 C:\Users\Leonid Lezner\Documents\LPC11C24\lpc_chip_11cxx_lib\Debug\liblpc_chip_11cxx_lib.a(sysctl_11xx.o)

.debug_abbrev   0x00000000     0x1502
 .debug_abbrev  0x00000000      0x12e ./freertos/src/FreeRTOSCommonHooks.o
 .debug_abbrev  0x0000012e      0x163 ./freertos/src/heap_1.o
 .debug_abbrev  0x00000291       0xf9 ./freertos/src/list.o
 .debug_abbrev  0x0000038a      0x155 ./freertos/src/port.o
 .debug_abbrev  0x000004df      0x287 ./freertos/src/tasks.o
 .debug_abbrev  0x00000766       0xf9 ./example/src/cr_startup_lpc11xx.o
 .debug_abbrev  0x0000085f      0x16e ./example/src/freertos_blinky.o
 .debug_abbrev  0x000009cd       0x88 ./example/src/sysinit.o
 .debug_abbrev  0x00000a55      0x2de C:\Users\Leonid Lezner\Documents\LPC11C24\nxp_lpcxpresso_11c24_board_lib\Debug\libnxp_lpcxpresso_11c24_board_lib.a(board.o)
 .debug_abbrev  0x00000d33      0x2a6 C:\Users\Leonid Lezner\Documents\LPC11C24\nxp_lpcxpresso_11c24_board_lib\Debug\libnxp_lpcxpresso_11c24_board_lib.a(board_sysinit.o)
 .debug_abbrev  0x00000fd9       0x9b C:\Users\Leonid Lezner\Documents\LPC11C24\lpc_chip_11cxx_lib\Debug\liblpc_chip_11cxx_lib.a(chip_11xx.o)
 .debug_abbrev  0x00001074      0x1fb C:\Users\Leonid Lezner\Documents\LPC11C24\lpc_chip_11cxx_lib\Debug\liblpc_chip_11cxx_lib.a(clock_11xx.o)
 .debug_abbrev  0x0000126f      0x1c5 C:\Users\Leonid Lezner\Documents\LPC11C24\lpc_chip_11cxx_lib\Debug\liblpc_chip_11cxx_lib.a(gpio_11xx_2.o)
 .debug_abbrev  0x00001434       0xce C:\Users\Leonid Lezner\Documents\LPC11C24\lpc_chip_11cxx_lib\Debug\liblpc_chip_11cxx_lib.a(sysctl_11xx.o)

.debug_loc      0x00000000     0x1d03
 .debug_loc     0x00000000       0x2c ./freertos/src/FreeRTOSCommonHooks.o
 .debug_loc     0x0000002c       0x5f ./freertos/src/heap_1.o
 .debug_loc     0x0000008b       0x65 ./freertos/src/list.o
 .debug_loc     0x000000f0       0x5d ./freertos/src/port.o
 .debug_loc     0x0000014d      0xd5f ./freertos/src/tasks.o
 .debug_loc     0x00000eac      0x1bb ./example/src/cr_startup_lpc11xx.o
 .debug_loc     0x00001067       0xe1 ./example/src/freertos_blinky.o
 .debug_loc     0x00001148      0x168 C:\Users\Leonid Lezner\Documents\LPC11C24\nxp_lpcxpresso_11c24_board_lib\Debug\libnxp_lpcxpresso_11c24_board_lib.a(board.o)
 .debug_loc     0x000012b0       0x85 C:\Users\Leonid Lezner\Documents\LPC11C24\nxp_lpcxpresso_11c24_board_lib\Debug\libnxp_lpcxpresso_11c24_board_lib.a(board_sysinit.o)
 .debug_loc     0x00001335      0x193 C:\Users\Leonid Lezner\Documents\LPC11C24\lpc_chip_11cxx_lib\Debug\liblpc_chip_11cxx_lib.a(clock_11xx.o)
 .debug_loc     0x000014c8      0x76b C:\Users\Leonid Lezner\Documents\LPC11C24\lpc_chip_11cxx_lib\Debug\liblpc_chip_11cxx_lib.a(gpio_11xx_2.o)
 .debug_loc     0x00001c33       0xd0 C:\Users\Leonid Lezner\Documents\LPC11C24\lpc_chip_11cxx_lib\Debug\liblpc_chip_11cxx_lib.a(sysctl_11xx.o)

.debug_aranges  0x00000000      0x4f8
 .debug_aranges
                0x00000000       0x40 ./freertos/src/FreeRTOSCommonHooks.o
 .debug_aranges
                0x00000040       0x38 ./freertos/src/heap_1.o
 .debug_aranges
                0x00000078       0x40 ./freertos/src/list.o
 .debug_aranges
                0x000000b8       0x70 ./freertos/src/port.o
 .debug_aranges
                0x00000128      0x150 ./freertos/src/tasks.o
 .debug_aranges
                0x00000278       0x60 ./example/src/cr_startup_lpc11xx.o
 .debug_aranges
                0x000002d8       0x40 ./example/src/freertos_blinky.o
 .debug_aranges
                0x00000318       0x20 ./example/src/sysinit.o
 .debug_aranges
                0x00000338       0x70 C:\Users\Leonid Lezner\Documents\LPC11C24\nxp_lpcxpresso_11c24_board_lib\Debug\libnxp_lpcxpresso_11c24_board_lib.a(board.o)
 .debug_aranges
                0x000003a8       0x30 C:\Users\Leonid Lezner\Documents\LPC11C24\nxp_lpcxpresso_11c24_board_lib\Debug\libnxp_lpcxpresso_11c24_board_lib.a(board_sysinit.o)
 .debug_aranges
                0x000003d8       0x20 C:\Users\Leonid Lezner\Documents\LPC11C24\lpc_chip_11cxx_lib\Debug\liblpc_chip_11cxx_lib.a(chip_11xx.o)
 .debug_aranges
                0x000003f8       0x78 C:\Users\Leonid Lezner\Documents\LPC11C24\lpc_chip_11cxx_lib\Debug\liblpc_chip_11cxx_lib.a(clock_11xx.o)
 .debug_aranges
                0x00000470       0x50 C:\Users\Leonid Lezner\Documents\LPC11C24\lpc_chip_11cxx_lib\Debug\liblpc_chip_11cxx_lib.a(gpio_11xx_2.o)
 .debug_aranges
                0x000004c0       0x38 C:\Users\Leonid Lezner\Documents\LPC11C24\lpc_chip_11cxx_lib\Debug\liblpc_chip_11cxx_lib.a(sysctl_11xx.o)

.debug_ranges   0x00000000      0x448
 .debug_ranges  0x00000000       0x30 ./freertos/src/FreeRTOSCommonHooks.o
 .debug_ranges  0x00000030       0x28 ./freertos/src/heap_1.o
 .debug_ranges  0x00000058       0x30 ./freertos/src/list.o
 .debug_ranges  0x00000088       0x60 ./freertos/src/port.o
 .debug_ranges  0x000000e8      0x158 ./freertos/src/tasks.o
 .debug_ranges  0x00000240       0x50 ./example/src/cr_startup_lpc11xx.o
 .debug_ranges  0x00000290       0x30 ./example/src/freertos_blinky.o
 .debug_ranges  0x000002c0       0x10 ./example/src/sysinit.o
 .debug_ranges  0x000002d0       0x60 C:\Users\Leonid Lezner\Documents\LPC11C24\nxp_lpcxpresso_11c24_board_lib\Debug\libnxp_lpcxpresso_11c24_board_lib.a(board.o)
 .debug_ranges  0x00000330       0x38 C:\Users\Leonid Lezner\Documents\LPC11C24\nxp_lpcxpresso_11c24_board_lib\Debug\libnxp_lpcxpresso_11c24_board_lib.a(board_sysinit.o)
 .debug_ranges  0x00000368       0x10 C:\Users\Leonid Lezner\Documents\LPC11C24\lpc_chip_11cxx_lib\Debug\liblpc_chip_11cxx_lib.a(chip_11xx.o)
 .debug_ranges  0x00000378       0x68 C:\Users\Leonid Lezner\Documents\LPC11C24\lpc_chip_11cxx_lib\Debug\liblpc_chip_11cxx_lib.a(clock_11xx.o)
 .debug_ranges  0x000003e0       0x40 C:\Users\Leonid Lezner\Documents\LPC11C24\lpc_chip_11cxx_lib\Debug\liblpc_chip_11cxx_lib.a(gpio_11xx_2.o)
 .debug_ranges  0x00000420       0x28 C:\Users\Leonid Lezner\Documents\LPC11C24\lpc_chip_11cxx_lib\Debug\liblpc_chip_11cxx_lib.a(sysctl_11xx.o)

.debug_macro    0x00000000     0x4da3
 .debug_macro   0x00000000      0x202 ./freertos/src/FreeRTOSCommonHooks.o
 .debug_macro   0x00000202      0x820 ./freertos/src/FreeRTOSCommonHooks.o
 .debug_macro   0x00000a22       0x10 ./freertos/src/FreeRTOSCommonHooks.o
 .debug_macro   0x00000a32      0x122 ./freertos/src/FreeRTOSCommonHooks.o
 .debug_macro   0x00000b54       0x16 ./freertos/src/FreeRTOSCommonHooks.o
 .debug_macro   0x00000b6a       0x46 ./freertos/src/FreeRTOSCommonHooks.o
 .debug_macro   0x00000bb0      0x5b9 ./freertos/src/FreeRTOSCommonHooks.o
 .debug_macro   0x00001169       0x22 ./freertos/src/FreeRTOSCommonHooks.o
 .debug_macro   0x0000118b       0x74 ./freertos/src/FreeRTOSCommonHooks.o
 .debug_macro   0x000011ff       0x10 ./freertos/src/FreeRTOSCommonHooks.o
 .debug_macro   0x0000120f       0x1f ./freertos/src/FreeRTOSCommonHooks.o
 .debug_macro   0x0000122e       0x3a ./freertos/src/FreeRTOSCommonHooks.o
 .debug_macro   0x00001268      0x241 ./freertos/src/FreeRTOSCommonHooks.o
 .debug_macro   0x000014a9      0x117 ./freertos/src/FreeRTOSCommonHooks.o
 .debug_macro   0x000015c0       0x22 ./freertos/src/FreeRTOSCommonHooks.o
 .debug_macro   0x000015e2       0xb2 ./freertos/src/FreeRTOSCommonHooks.o
 .debug_macro   0x00001694       0x10 ./freertos/src/FreeRTOSCommonHooks.o
 .debug_macro   0x000016a4      0x137 ./freertos/src/FreeRTOSCommonHooks.o
 .debug_macro   0x000017db       0x4c ./freertos/src/FreeRTOSCommonHooks.o
 .debug_macro   0x00001827       0x16 ./freertos/src/FreeRTOSCommonHooks.o
 .debug_macro   0x0000183d      0x31a ./freertos/src/FreeRTOSCommonHooks.o
 .debug_macro   0x00001b57       0x2e ./freertos/src/FreeRTOSCommonHooks.o
 .debug_macro   0x00001b85       0xb8 ./freertos/src/FreeRTOSCommonHooks.o
 .debug_macro   0x00001c3d       0x11 ./freertos/src/FreeRTOSCommonHooks.o
 .debug_macro   0x00001c4e       0x7c ./freertos/src/FreeRTOSCommonHooks.o
 .debug_macro   0x00001cca      0x21c ./freertos/src/FreeRTOSCommonHooks.o
 .debug_macro   0x00001ee6      0x113 ./freertos/src/FreeRTOSCommonHooks.o
 .debug_macro   0x00001ff9       0x10 ./freertos/src/FreeRTOSCommonHooks.o
 .debug_macro   0x00002009       0x9a ./freertos/src/FreeRTOSCommonHooks.o
 .debug_macro   0x000020a3       0x20 ./freertos/src/FreeRTOSCommonHooks.o
 .debug_macro   0x000020c3      0x115 ./freertos/src/FreeRTOSCommonHooks.o
 .debug_macro   0x000021d8       0xb1 ./freertos/src/FreeRTOSCommonHooks.o
 .debug_macro   0x00002289       0x12 ./freertos/src/FreeRTOSCommonHooks.o
 .debug_macro   0x0000229b       0x1f ./freertos/src/FreeRTOSCommonHooks.o
 .debug_macro   0x000022ba      0x1f5 ./freertos/src/FreeRTOSCommonHooks.o
 .debug_macro   0x000024af       0x5e ./freertos/src/FreeRTOSCommonHooks.o
 .debug_macro   0x0000250d       0x57 ./freertos/src/FreeRTOSCommonHooks.o
 .debug_macro   0x00002564      0x21e ./freertos/src/heap_1.o
 .debug_macro   0x00002782       0x28 ./freertos/src/heap_1.o
 .debug_macro   0x000027aa      0x1fd ./freertos/src/list.o
 .debug_macro   0x000029a7      0x240 ./freertos/src/port.o
 .debug_macro   0x00002be7      0x29c ./freertos/src/tasks.o
 .debug_macro   0x00002e83       0xa0 ./freertos/src/tasks.o
 .debug_macro   0x00002f23       0x22 ./freertos/src/tasks.o
 .debug_macro   0x00002f45       0x5b ./freertos/src/tasks.o
 .debug_macro   0x00002fa0       0x17 ./freertos/src/tasks.o
 .debug_macro   0x00002fb7       0x26 ./example/src/cr_startup_lpc11xx.o
 .debug_macro   0x00002fdd      0x826 ./example/src/cr_startup_lpc11xx.o
 .debug_macro   0x00003803      0x1f2 ./example/src/freertos_blinky.o
 .debug_macro   0x000039f5       0x7b ./example/src/freertos_blinky.o
 .debug_macro   0x00003a70       0x10 ./example/src/freertos_blinky.o
 .debug_macro   0x00003a80      0x11b ./example/src/freertos_blinky.o
 .debug_macro   0x00003b9b      0x17d ./example/src/sysinit.o
 .debug_macro   0x00003d18      0x18a C:\Users\Leonid Lezner\Documents\LPC11C24\nxp_lpcxpresso_11c24_board_lib\Debug\libnxp_lpcxpresso_11c24_board_lib.a(board.o)
 .debug_macro   0x00003ea2      0x81a C:\Users\Leonid Lezner\Documents\LPC11C24\nxp_lpcxpresso_11c24_board_lib\Debug\libnxp_lpcxpresso_11c24_board_lib.a(board.o)
 .debug_macro   0x000046bc       0x12 C:\Users\Leonid Lezner\Documents\LPC11C24\nxp_lpcxpresso_11c24_board_lib\Debug\libnxp_lpcxpresso_11c24_board_lib.a(board.o)
 .debug_macro   0x000046ce      0x18b C:\Users\Leonid Lezner\Documents\LPC11C24\nxp_lpcxpresso_11c24_board_lib\Debug\libnxp_lpcxpresso_11c24_board_lib.a(board_sysinit.o)
 .debug_macro   0x00004859      0x148 C:\Users\Leonid Lezner\Documents\LPC11C24\lpc_chip_11cxx_lib\Debug\liblpc_chip_11cxx_lib.a(chip_11xx.o)
 .debug_macro   0x000049a1      0x148 C:\Users\Leonid Lezner\Documents\LPC11C24\lpc_chip_11cxx_lib\Debug\liblpc_chip_11cxx_lib.a(clock_11xx.o)
 .debug_macro   0x00004ae9      0x148 C:\Users\Leonid Lezner\Documents\LPC11C24\lpc_chip_11cxx_lib\Debug\liblpc_chip_11cxx_lib.a(gpio_11xx_2.o)
 .debug_macro   0x00004c31      0x172 C:\Users\Leonid Lezner\Documents\LPC11C24\lpc_chip_11cxx_lib\Debug\liblpc_chip_11cxx_lib.a(sysctl_11xx.o)

.debug_line     0x00000000     0x3cac
 .debug_line    0x00000000      0x4dd ./freertos/src/FreeRTOSCommonHooks.o
 .debug_line    0x000004dd      0x4c7 ./freertos/src/heap_1.o
 .debug_line    0x000009a4      0x4db ./freertos/src/list.o
 .debug_line    0x00000e7f      0x530 ./freertos/src/port.o
 .debug_line    0x000013af      0xaf1 ./freertos/src/tasks.o
 .debug_line    0x00001ea0       0xf2 ./example/src/cr_startup_lpc11xx.o
 .debug_line    0x00001f92      0x4eb ./example/src/freertos_blinky.o
 .debug_line    0x0000247d      0x331 ./example/src/sysinit.o
 .debug_line    0x000027ae      0x439 C:\Users\Leonid Lezner\Documents\LPC11C24\nxp_lpcxpresso_11c24_board_lib\Debug\libnxp_lpcxpresso_11c24_board_lib.a(board.o)
 .debug_line    0x00002be7      0x3de C:\Users\Leonid Lezner\Documents\LPC11C24\nxp_lpcxpresso_11c24_board_lib\Debug\libnxp_lpcxpresso_11c24_board_lib.a(board_sysinit.o)
 .debug_line    0x00002fc5      0x2b9 C:\Users\Leonid Lezner\Documents\LPC11C24\lpc_chip_11cxx_lib\Debug\liblpc_chip_11cxx_lib.a(chip_11xx.o)
 .debug_line    0x0000327e      0x3b1 C:\Users\Leonid Lezner\Documents\LPC11C24\lpc_chip_11cxx_lib\Debug\liblpc_chip_11cxx_lib.a(clock_11xx.o)
 .debug_line    0x0000362f      0x387 C:\Users\Leonid Lezner\Documents\LPC11C24\lpc_chip_11cxx_lib\Debug\liblpc_chip_11cxx_lib.a(gpio_11xx_2.o)
 .debug_line    0x000039b6      0x2f6 C:\Users\Leonid Lezner\Documents\LPC11C24\lpc_chip_11cxx_lib\Debug\liblpc_chip_11cxx_lib.a(sysctl_11xx.o)

.debug_str      0x00000000     0xd327
 .debug_str     0x00000000     0x9ea2 ./freertos/src/FreeRTOSCommonHooks.o
                               0x9f9b (size before relaxing)
 .debug_str     0x00009ea2      0x1b9 ./freertos/src/heap_1.o
                               0xa060 (size before relaxing)
 .debug_str     0x0000a05b      0x12e ./freertos/src/list.o
                               0x9d18 (size before relaxing)
 .debug_str     0x0000a189      0x350 ./freertos/src/port.o
                               0xa212 (size before relaxing)
 .debug_str     0x0000a4d9     0x1723 ./freertos/src/tasks.o
                               0xb8c4 (size before relaxing)
 .debug_str     0x0000bbfc      0x21d ./example/src/cr_startup_lpc11xx.o
                               0x24bf (size before relaxing)
 .debug_str     0x0000be19       0xa2 ./example/src/freertos_blinky.o
                               0x9fcc (size before relaxing)
 .debug_str     0x0000bebb       0x2a ./example/src/sysinit.o
                               0x7f55 (size before relaxing)
 .debug_str     0x0000bee5      0x52c C:\Users\Leonid Lezner\Documents\LPC11C24\nxp_lpcxpresso_11c24_board_lib\Debug\libnxp_lpcxpresso_11c24_board_lib.a(board.o)
                               0x8434 (size before relaxing)
 .debug_str     0x0000c411      0x73e C:\Users\Leonid Lezner\Documents\LPC11C24\nxp_lpcxpresso_11c24_board_lib\Debug\libnxp_lpcxpresso_11c24_board_lib.a(board_sysinit.o)
                               0x890e (size before relaxing)
 .debug_str     0x0000cb4f       0x74 C:\Users\Leonid Lezner\Documents\LPC11C24\lpc_chip_11cxx_lib\Debug\liblpc_chip_11cxx_lib.a(chip_11xx.o)
                               0x7c94 (size before relaxing)
 .debug_str     0x0000cbc3      0x3bc C:\Users\Leonid Lezner\Documents\LPC11C24\lpc_chip_11cxx_lib\Debug\liblpc_chip_11cxx_lib.a(clock_11xx.o)
                               0x843a (size before relaxing)
 .debug_str     0x0000cf7f      0x233 C:\Users\Leonid Lezner\Documents\LPC11C24\lpc_chip_11cxx_lib\Debug\liblpc_chip_11cxx_lib.a(gpio_11xx_2.o)
                               0x8318 (size before relaxing)
 .debug_str     0x0000d1b2      0x175 C:\Users\Leonid Lezner\Documents\LPC11C24\lpc_chip_11cxx_lib\Debug\liblpc_chip_11cxx_lib.a(sysctl_11xx.o)
                               0x8084 (size before relaxing)

.comment        0x00000000       0xe0
 .comment       0x00000000       0x70 ./freertos/src/FreeRTOSCommonHooks.o
                                 0x71 (size before relaxing)
 .comment       0x00000000       0x71 ./freertos/src/heap_1.o
 .comment       0x00000000       0x71 ./freertos/src/list.o
 .comment       0x00000000       0x71 ./freertos/src/port.o
 .comment       0x00000000       0x71 ./freertos/src/tasks.o
 .comment       0x00000000       0x71 ./example/src/cr_startup_lpc11xx.o
 .comment       0x00000000       0x71 ./example/src/freertos_blinky.o
 .comment       0x00000000       0x71 ./example/src/sysinit.o
 .comment       0x00000000       0x71 C:\Users\Leonid Lezner\Documents\LPC11C24\nxp_lpcxpresso_11c24_board_lib\Debug\libnxp_lpcxpresso_11c24_board_lib.a(board.o)
 .comment       0x00000000       0x71 C:\Users\Leonid Lezner\Documents\LPC11C24\nxp_lpcxpresso_11c24_board_lib\Debug\libnxp_lpcxpresso_11c24_board_lib.a(board_sysinit.o)
 .comment       0x00000000       0x71 C:\Users\Leonid Lezner\Documents\LPC11C24\lpc_chip_11cxx_lib\Debug\liblpc_chip_11cxx_lib.a(chip_11xx.o)
 .comment       0x00000000       0x71 C:\Users\Leonid Lezner\Documents\LPC11C24\lpc_chip_11cxx_lib\Debug\liblpc_chip_11cxx_lib.a(clock_11xx.o)
 .comment       0x00000000       0x71 C:\Users\Leonid Lezner\Documents\LPC11C24\lpc_chip_11cxx_lib\Debug\liblpc_chip_11cxx_lib.a(gpio_11xx_2.o)
 .comment       0x00000000       0x71 C:\Users\Leonid Lezner\Documents\LPC11C24\lpc_chip_11cxx_lib\Debug\liblpc_chip_11cxx_lib.a(sysctl_11xx.o)
 .comment       0x00000070       0x70 c:/nxp/lpcxpresso_7.3.0_186/lpcxpresso/tools/bin/../lib/gcc/arm-none-eabi/4.8.4/../../../../arm-none-eabi/lib/armv6-m\libcr_nohost.a(_cr__main.o)
                                 0x71 (size before relaxing)
 .comment       0x00000000       0x71 c:/nxp/lpcxpresso_7.3.0_186/lpcxpresso/tools/bin/../lib/gcc/arm-none-eabi/4.8.4/../../../../arm-none-eabi/lib/armv6-m\libcr_c.a(memset.o)
 .comment       0x00000000       0x71 c:/nxp/lpcxpresso_7.3.0_186/lpcxpresso/tools/bin/../lib/gcc/arm-none-eabi/4.8.4/../../../../arm-none-eabi/lib/armv6-m\libcr_c.a(initio.o)
 .comment       0x00000000       0x71 c:/nxp/lpcxpresso_7.3.0_186/lpcxpresso/tools/bin/../lib/gcc/arm-none-eabi/4.8.4/../../../../arm-none-eabi/lib/armv6-m\libcr_c.a(memcmp.o)
 .comment       0x00000000       0x71 c:/nxp/lpcxpresso_7.3.0_186/lpcxpresso/tools/bin/../lib/gcc/arm-none-eabi/4.8.4/../../../../arm-none-eabi/lib/armv6-m\libcr_c.a(setvbuf.o)
 .comment       0x00000000       0x71 c:/nxp/lpcxpresso_7.3.0_186/lpcxpresso/tools/bin/../lib/gcc/arm-none-eabi/4.8.4/../../../../arm-none-eabi/lib/armv6-m\libcr_c.a(stdio.o)
 .comment       0x00000000       0x71 c:/nxp/lpcxpresso_7.3.0_186/lpcxpresso/tools/bin/../lib/gcc/arm-none-eabi/4.8.4/../../../../arm-none-eabi/lib/armv6-m\libcr_c.a(strlen.o)
 .comment       0x00000000       0x71 c:/nxp/lpcxpresso_7.3.0_186/lpcxpresso/tools/bin/../lib/gcc/arm-none-eabi/4.8.4/../../../../arm-none-eabi/lib/armv6-m\libcr_c.a(strncpy.o)
 .comment       0x00000000       0x71 c:/nxp/lpcxpresso_7.3.0_186/lpcxpresso/tools/bin/../lib/gcc/arm-none-eabi/4.8.4/../../../../arm-none-eabi/lib/armv6-m\libcr_c.a(_deferredlazyseek.o)
 .comment       0x00000000       0x71 c:/nxp/lpcxpresso_7.3.0_186/lpcxpresso/tools/bin/../lib/gcc/arm-none-eabi/4.8.4/../../../../arm-none-eabi/lib/armv6-m\libcr_c.a(_fdopen.o)
 .comment       0x00000000       0x71 c:/nxp/lpcxpresso_7.3.0_186/lpcxpresso/tools/bin/../lib/gcc/arm-none-eabi/4.8.4/../../../../arm-none-eabi/lib/armv6-m\libcr_c.a(_fflush.o)
 .comment       0x00000000       0x71 c:/nxp/lpcxpresso_7.3.0_186/lpcxpresso/tools/bin/../lib/gcc/arm-none-eabi/4.8.4/../../../../arm-none-eabi/lib/armv6-m\libcr_c.a(_writebuf.o)
 .comment       0x00000000       0x71 c:/nxp/lpcxpresso_7.3.0_186/lpcxpresso/tools/bin/../lib/gcc/arm-none-eabi/4.8.4/../../../../arm-none-eabi/lib/armv6-m\libcr_c.a(alloc.o)
 .comment       0x00000000       0x71 c:/nxp/lpcxpresso_7.3.0_186/lpcxpresso/tools/bin/../lib/gcc/arm-none-eabi/4.8.4/../../../../arm-none-eabi/lib/armv6-m\libcr_c.a(errno.o)
 .comment       0x00000000       0x71 c:/nxp/lpcxpresso_7.3.0_186/lpcxpresso/tools/bin/../lib/gcc/arm-none-eabi/4.8.4/../../../../arm-none-eabi/lib/armv6-m\libcr_c.a(fclose.o)
 .comment       0x00000000       0x71 c:/nxp/lpcxpresso_7.3.0_186/lpcxpresso/tools/bin/../lib/gcc/arm-none-eabi/4.8.4/../../../../arm-none-eabi/lib/armv6-m\libcr_c.a(fflush.o)
 .comment       0x00000000       0x71 c:/nxp/lpcxpresso_7.3.0_186/lpcxpresso/tools/bin/../lib/gcc/arm-none-eabi/4.8.4/../../../../arm-none-eabi/lib/armv6-m\libcr_c.a(fseek.o)
 .comment       0x00000000       0x71 c:/nxp/lpcxpresso_7.3.0_186/lpcxpresso/tools/bin/../lib/gcc/arm-none-eabi/4.8.4/../../../../arm-none-eabi/lib/armv6-m\libcr_c.a(ftell.o)
 .comment       0x00000000       0x71 c:/nxp/lpcxpresso_7.3.0_186/lpcxpresso/tools/bin/../lib/gcc/arm-none-eabi/4.8.4/../../../../arm-none-eabi/lib/armv6-m\libcr_c.a(remove.o)
 .comment       0x00000000       0x71 c:/nxp/lpcxpresso_7.3.0_186/lpcxpresso/tools/bin/../lib/gcc/arm-none-eabi/4.8.4/../../../../arm-none-eabi/lib/armv6-m\libcr_c.a(__init_alloc.o)
 .comment       0x00000000       0x71 c:/nxp/lpcxpresso_7.3.0_186/lpcxpresso/tools/bin/../lib/gcc/arm-none-eabi/4.8.4/../../../../arm-none-eabi/lib/armv6-m\libcr_c.a(_cr_sbrk.o)
 .comment       0x00000000       0x71 c:/nxp/lpcxpresso_7.3.0_186/lpcxpresso/tools/bin/../lib/gcc/arm-none-eabi/4.8.4/../../../../arm-none-eabi/lib/armv6-m\libcr_c.a(_do_fflush.o)
 .comment       0x00000000       0x71 c:/nxp/lpcxpresso_7.3.0_186/lpcxpresso/tools/bin/../lib/gcc/arm-none-eabi/4.8.4/../../../../arm-none-eabi/lib/armv6-m\libcr_c.a(_cr_check_heap.o)
 .comment       0x00000000       0x71 c:/nxp/lpcxpresso_7.3.0_186/lpcxpresso/tools/bin/../lib/gcc/arm-none-eabi/4.8.4/../../../../arm-none-eabi/lib/armv6-m\libcr_nohost.a(__sys_appexit.o)
 .comment       0x00000000       0x71 c:/nxp/lpcxpresso_7.3.0_186/lpcxpresso/tools/bin/../lib/gcc/arm-none-eabi/4.8.4/../../../../arm-none-eabi/lib/armv6-m\libcr_nohost.a(__sys_close.o)
 .comment       0x00000000       0x71 c:/nxp/lpcxpresso_7.3.0_186/lpcxpresso/tools/bin/../lib/gcc/arm-none-eabi/4.8.4/../../../../arm-none-eabi/lib/armv6-m\libcr_nohost.a(__sys_flen.o)
 .comment       0x00000000       0x71 c:/nxp/lpcxpresso_7.3.0_186/lpcxpresso/tools/bin/../lib/gcc/arm-none-eabi/4.8.4/../../../../arm-none-eabi/lib/armv6-m\libcr_nohost.a(__sys_istty.o)
 .comment       0x00000000       0x71 c:/nxp/lpcxpresso_7.3.0_186/lpcxpresso/tools/bin/../lib/gcc/arm-none-eabi/4.8.4/../../../../arm-none-eabi/lib/armv6-m\libcr_nohost.a(__sys_remove.o)
 .comment       0x00000000       0x71 c:/nxp/lpcxpresso_7.3.0_186/lpcxpresso/tools/bin/../lib/gcc/arm-none-eabi/4.8.4/../../../../arm-none-eabi/lib/armv6-m\libcr_nohost.a(__sys_seek.o)
 .comment       0x00000000       0x71 c:/nxp/lpcxpresso_7.3.0_186/lpcxpresso/tools/bin/../lib/gcc/arm-none-eabi/4.8.4/../../../../arm-none-eabi/lib/armv6-m\libcr_nohost.a(__sys_tmpnam.o)

.ARM.attributes
                0x00000000       0x2f
 .ARM.attributes
                0x00000000       0x31 ./freertos/src/FreeRTOSCommonHooks.o
 .ARM.attributes
                0x00000031       0x31 ./freertos/src/heap_1.o
 .ARM.attributes
                0x00000062       0x31 ./freertos/src/list.o
 .ARM.attributes
                0x00000093       0x31 ./freertos/src/port.o
 .ARM.attributes
                0x000000c4       0x31 ./freertos/src/tasks.o
 .ARM.attributes
                0x000000f5       0x31 ./example/src/cr_startup_lpc11xx.o
 .ARM.attributes
                0x00000126       0x31 ./example/src/freertos_blinky.o
 .ARM.attributes
                0x00000157       0x31 ./example/src/sysinit.o
 .ARM.attributes
                0x00000188       0x31 C:\Users\Leonid Lezner\Documents\LPC11C24\nxp_lpcxpresso_11c24_board_lib\Debug\libnxp_lpcxpresso_11c24_board_lib.a(board.o)
 .ARM.attributes
                0x000001b9       0x31 C:\Users\Leonid Lezner\Documents\LPC11C24\nxp_lpcxpresso_11c24_board_lib\Debug\libnxp_lpcxpresso_11c24_board_lib.a(board_sysinit.o)
 .ARM.attributes
                0x000001ea       0x31 C:\Users\Leonid Lezner\Documents\LPC11C24\lpc_chip_11cxx_lib\Debug\liblpc_chip_11cxx_lib.a(chip_11xx.o)
 .ARM.attributes
                0x0000021b       0x31 C:\Users\Leonid Lezner\Documents\LPC11C24\lpc_chip_11cxx_lib\Debug\liblpc_chip_11cxx_lib.a(clock_11xx.o)
 .ARM.attributes
                0x0000024c       0x31 C:\Users\Leonid Lezner\Documents\LPC11C24\lpc_chip_11cxx_lib\Debug\liblpc_chip_11cxx_lib.a(gpio_11xx_2.o)
 .ARM.attributes
                0x0000027d       0x31 C:\Users\Leonid Lezner\Documents\LPC11C24\lpc_chip_11cxx_lib\Debug\liblpc_chip_11cxx_lib.a(sysctl_11xx.o)
 .ARM.attributes
                0x000002ae       0x31 c:/nxp/lpcxpresso_7.3.0_186/lpcxpresso/tools/bin/../lib/gcc/arm-none-eabi/4.8.4/../../../../arm-none-eabi/lib/armv6-m\libcr_nohost.a(_cr__main.o)
 .ARM.attributes
                0x000002df       0x31 c:/nxp/lpcxpresso_7.3.0_186/lpcxpresso/tools/bin/../lib/gcc/arm-none-eabi/4.8.4/../../../../arm-none-eabi/lib/armv6-m\libcr_c.a(memset.o)
 .ARM.attributes
                0x00000310       0x31 c:/nxp/lpcxpresso_7.3.0_186/lpcxpresso/tools/bin/../lib/gcc/arm-none-eabi/4.8.4/../../../../arm-none-eabi/lib/armv6-m\libcr_c.a(initio.o)
 .ARM.attributes
                0x00000341       0x31 c:/nxp/lpcxpresso_7.3.0_186/lpcxpresso/tools/bin/../lib/gcc/arm-none-eabi/4.8.4/../../../../arm-none-eabi/lib/armv6-m\libcr_c.a(memcmp.o)
 .ARM.attributes
                0x00000372       0x31 c:/nxp/lpcxpresso_7.3.0_186/lpcxpresso/tools/bin/../lib/gcc/arm-none-eabi/4.8.4/../../../../arm-none-eabi/lib/armv6-m\libcr_c.a(setvbuf.o)
 .ARM.attributes
                0x000003a3       0x31 c:/nxp/lpcxpresso_7.3.0_186/lpcxpresso/tools/bin/../lib/gcc/arm-none-eabi/4.8.4/../../../../arm-none-eabi/lib/armv6-m\libcr_c.a(stdio.o)
 .ARM.attributes
                0x000003d4       0x31 c:/nxp/lpcxpresso_7.3.0_186/lpcxpresso/tools/bin/../lib/gcc/arm-none-eabi/4.8.4/../../../../arm-none-eabi/lib/armv6-m\libcr_c.a(strlen.o)
 .ARM.attributes
                0x00000405       0x31 c:/nxp/lpcxpresso_7.3.0_186/lpcxpresso/tools/bin/../lib/gcc/arm-none-eabi/4.8.4/../../../../arm-none-eabi/lib/armv6-m\libcr_c.a(strncpy.o)
 .ARM.attributes
                0x00000436       0x31 c:/nxp/lpcxpresso_7.3.0_186/lpcxpresso/tools/bin/../lib/gcc/arm-none-eabi/4.8.4/../../../../arm-none-eabi/lib/armv6-m\libcr_c.a(_deferredlazyseek.o)
 .ARM.attributes
                0x00000467       0x31 c:/nxp/lpcxpresso_7.3.0_186/lpcxpresso/tools/bin/../lib/gcc/arm-none-eabi/4.8.4/../../../../arm-none-eabi/lib/armv6-m\libcr_c.a(_fdopen.o)
 .ARM.attributes
                0x00000498       0x31 c:/nxp/lpcxpresso_7.3.0_186/lpcxpresso/tools/bin/../lib/gcc/arm-none-eabi/4.8.4/../../../../arm-none-eabi/lib/armv6-m\libcr_c.a(_fflush.o)
 .ARM.attributes
                0x000004c9       0x31 c:/nxp/lpcxpresso_7.3.0_186/lpcxpresso/tools/bin/../lib/gcc/arm-none-eabi/4.8.4/../../../../arm-none-eabi/lib/armv6-m\libcr_c.a(_writebuf.o)
 .ARM.attributes
                0x000004fa       0x31 c:/nxp/lpcxpresso_7.3.0_186/lpcxpresso/tools/bin/../lib/gcc/arm-none-eabi/4.8.4/../../../../arm-none-eabi/lib/armv6-m\libcr_c.a(alloc.o)
 .ARM.attributes
                0x0000052b       0x31 c:/nxp/lpcxpresso_7.3.0_186/lpcxpresso/tools/bin/../lib/gcc/arm-none-eabi/4.8.4/../../../../arm-none-eabi/lib/armv6-m\libcr_c.a(errno.o)
 .ARM.attributes
                0x0000055c       0x31 c:/nxp/lpcxpresso_7.3.0_186/lpcxpresso/tools/bin/../lib/gcc/arm-none-eabi/4.8.4/../../../../arm-none-eabi/lib/armv6-m\libcr_c.a(fclose.o)
 .ARM.attributes
                0x0000058d       0x31 c:/nxp/lpcxpresso_7.3.0_186/lpcxpresso/tools/bin/../lib/gcc/arm-none-eabi/4.8.4/../../../../arm-none-eabi/lib/armv6-m\libcr_c.a(fflush.o)
 .ARM.attributes
                0x000005be       0x31 c:/nxp/lpcxpresso_7.3.0_186/lpcxpresso/tools/bin/../lib/gcc/arm-none-eabi/4.8.4/../../../../arm-none-eabi/lib/armv6-m\libcr_c.a(fseek.o)
 .ARM.attributes
                0x000005ef       0x31 c:/nxp/lpcxpresso_7.3.0_186/lpcxpresso/tools/bin/../lib/gcc/arm-none-eabi/4.8.4/../../../../arm-none-eabi/lib/armv6-m\libcr_c.a(ftell.o)
 .ARM.attributes
                0x00000620       0x31 c:/nxp/lpcxpresso_7.3.0_186/lpcxpresso/tools/bin/../lib/gcc/arm-none-eabi/4.8.4/../../../../arm-none-eabi/lib/armv6-m\libcr_c.a(remove.o)
 .ARM.attributes
                0x00000651       0x31 c:/nxp/lpcxpresso_7.3.0_186/lpcxpresso/tools/bin/../lib/gcc/arm-none-eabi/4.8.4/../../../../arm-none-eabi/lib/armv6-m\libcr_c.a(__init_alloc.o)
 .ARM.attributes
                0x00000682       0x31 c:/nxp/lpcxpresso_7.3.0_186/lpcxpresso/tools/bin/../lib/gcc/arm-none-eabi/4.8.4/../../../../arm-none-eabi/lib/armv6-m\libcr_c.a(_cr_sbrk.o)
 .ARM.attributes
                0x000006b3       0x31 c:/nxp/lpcxpresso_7.3.0_186/lpcxpresso/tools/bin/../lib/gcc/arm-none-eabi/4.8.4/../../../../arm-none-eabi/lib/armv6-m\libcr_c.a(_do_fflush.o)
 .ARM.attributes
                0x000006e4       0x31 c:/nxp/lpcxpresso_7.3.0_186/lpcxpresso/tools/bin/../lib/gcc/arm-none-eabi/4.8.4/../../../../arm-none-eabi/lib/armv6-m\libcr_c.a(_cr_check_heap.o)
 .ARM.attributes
                0x00000715       0x21 c:/nxp/lpcxpresso_7.3.0_186/lpcxpresso/tools/bin/../lib/gcc/arm-none-eabi/4.8.4/armv6-m\libcr_eabihelpers.a(division_32.o)
 .ARM.attributes
                0x00000736       0x21 c:/nxp/lpcxpresso_7.3.0_186/lpcxpresso/tools/bin/../lib/gcc/arm-none-eabi/4.8.4/armv6-m\libcr_eabihelpers.a(division_idiv0.o)
 .ARM.attributes
                0x00000757       0x21 c:/nxp/lpcxpresso_7.3.0_186/lpcxpresso/tools/bin/../lib/gcc/arm-none-eabi/4.8.4/armv6-m\libcr_eabihelpers.a(memcpy.o)
 .ARM.attributes
                0x00000778       0x31 c:/nxp/lpcxpresso_7.3.0_186/lpcxpresso/tools/bin/../lib/gcc/arm-none-eabi/4.8.4/../../../../arm-none-eabi/lib/armv6-m\libcr_nohost.a(__sys_appexit.o)
 .ARM.attributes
                0x000007a9       0x31 c:/nxp/lpcxpresso_7.3.0_186/lpcxpresso/tools/bin/../lib/gcc/arm-none-eabi/4.8.4/../../../../arm-none-eabi/lib/armv6-m\libcr_nohost.a(__sys_close.o)
 .ARM.attributes
                0x000007da       0x31 c:/nxp/lpcxpresso_7.3.0_186/lpcxpresso/tools/bin/../lib/gcc/arm-none-eabi/4.8.4/../../../../arm-none-eabi/lib/armv6-m\libcr_nohost.a(__sys_flen.o)
 .ARM.attributes
                0x0000080b       0x31 c:/nxp/lpcxpresso_7.3.0_186/lpcxpresso/tools/bin/../lib/gcc/arm-none-eabi/4.8.4/../../../../arm-none-eabi/lib/armv6-m\libcr_nohost.a(__sys_istty.o)
 .ARM.attributes
                0x0000083c       0x31 c:/nxp/lpcxpresso_7.3.0_186/lpcxpresso/tools/bin/../lib/gcc/arm-none-eabi/4.8.4/../../../../arm-none-eabi/lib/armv6-m\libcr_nohost.a(__sys_remove.o)
 .ARM.attributes
                0x0000086d       0x31 c:/nxp/lpcxpresso_7.3.0_186/lpcxpresso/tools/bin/../lib/gcc/arm-none-eabi/4.8.4/../../../../arm-none-eabi/lib/armv6-m\libcr_nohost.a(__sys_seek.o)
 .ARM.attributes
                0x0000089e       0x31 c:/nxp/lpcxpresso_7.3.0_186/lpcxpresso/tools/bin/../lib/gcc/arm-none-eabi/4.8.4/../../../../arm-none-eabi/lib/armv6-m\libcr_nohost.a(__sys_tmpnam.o)

.debug_frame    0x00000000      0xac8
 .debug_frame   0x00000000       0x6c ./freertos/src/FreeRTOSCommonHooks.o
 .debug_frame   0x0000006c       0x5c ./freertos/src/heap_1.o
 .debug_frame   0x000000c8       0x68 ./freertos/src/list.o
 .debug_frame   0x00000130       0xe0 ./freertos/src/port.o
 .debug_frame   0x00000210      0x3ec ./freertos/src/tasks.o
 .debug_frame   0x000005fc       0xb0 ./example/src/cr_startup_lpc11xx.o
 .debug_frame   0x000006ac       0x98 ./example/src/freertos_blinky.o
 .debug_frame   0x00000744       0x28 ./example/src/sysinit.o
 .debug_frame   0x0000076c       0xe8 C:\Users\Leonid Lezner\Documents\LPC11C24\nxp_lpcxpresso_11c24_board_lib\Debug\libnxp_lpcxpresso_11c24_board_lib.a(board.o)
 .debug_frame   0x00000854       0x5c C:\Users\Leonid Lezner\Documents\LPC11C24\nxp_lpcxpresso_11c24_board_lib\Debug\libnxp_lpcxpresso_11c24_board_lib.a(board_sysinit.o)
 .debug_frame   0x000008b0       0x28 C:\Users\Leonid Lezner\Documents\LPC11C24\lpc_chip_11cxx_lib\Debug\liblpc_chip_11cxx_lib.a(chip_11xx.o)
 .debug_frame   0x000008d8       0xf8 C:\Users\Leonid Lezner\Documents\LPC11C24\lpc_chip_11cxx_lib\Debug\liblpc_chip_11cxx_lib.a(clock_11xx.o)
 .debug_frame   0x000009d0       0xa0 C:\Users\Leonid Lezner\Documents\LPC11C24\lpc_chip_11cxx_lib\Debug\liblpc_chip_11cxx_lib.a(gpio_11xx_2.o)
 .debug_frame   0x00000a70       0x58 C:\Users\Leonid Lezner\Documents\LPC11C24\lpc_chip_11cxx_lib\Debug\liblpc_chip_11cxx_lib.a(sysctl_11xx.o)
