17:59:40 **** Incremental Build of configuration Debug for project lpc_chip_11cxx_lib ****
make all 
make: Nothing to be done for `all'.
17:59:43 **** Incremental Build of configuration Debug for project OlimexBoard11C24 ****
make all 
Building file: ../src/OlimexBoard11C24.c
Invoking: MCU C Compiler
arm-none-eabi-gcc -D__REDLIB__ -DDEBUG -D__CODE_RED -DCORE_M0 -D__USE_LPCOPEN -DNO_BOARD_LIB -D__LPC11XX__ -I"C:\Users\Leonid Lezner\Documents\LPC11C24\lpc_chip_11cxx_lib\inc" -Og -g3 -Wall -c -fmessage-length=0 -fno-builtin -ffunction-sections -fdata-sections -mcpu=cortex-m0 -mthumb -specs=redlib.specs -MMD -MP -MF"src/OlimexBoard11C24.d" -MT"src/OlimexBoard11C24.o" -MT"src/OlimexBoard11C24.d" -o "src/OlimexBoard11C24.o" "../src/OlimexBoard11C24.c"
Finished building: ../src/OlimexBoard11C24.c
 
Building target: OlimexBoard11C24.axf
Invoking: MCU Linker
arm-none-eabi-gcc -nostdlib -L"C:\Users\Leonid Lezner\Documents\LPC11C24\lpc_chip_11cxx_lib\Debug" -Xlinker -Map="OlimexBoard11C24.map" -Xlinker --gc-sections -mcpu=cortex-m0 -mthumb -T "OlimexBoard11C24_Debug.ld" -o "OlimexBoard11C24.axf"  ./src/OlimexBoard11C24.o ./src/cr_startup_lpc11xx.o ./src/crp.o ./src/sysinit.o   -llpc_chip_11cxx_lib
Finished building target: OlimexBoard11C24.axf
 
make --no-print-directory post-build
Performing post-build steps
arm-none-eabi-size "OlimexBoard11C24.axf"; # arm-none-eabi-objcopy -v -O binary "OlimexBoard11C24.axf" "OlimexBoard11C24.bin" ; # checksum -p LPC11C24_301 -d "OlimexBoard11C24.bin";
   text	   data	    bss	    dec	    hex	filename
  12568	      0	    344	  12912	   3270	OlimexBoard11C24.axf
 
